2025-11-04T00:00:30.2741337Z Current runner version: '2.329.0'
2025-11-04T00:00:30.2778705Z ##[group]Runner Image Provisioner
2025-11-04T00:00:30.2779972Z Hosted Compute Agent
2025-11-04T00:00:30.2780901Z Version: 20251016.436
2025-11-04T00:00:30.2782018Z Commit: 8ab8ac8bfd662a3739dab9fe09456aba92132568
2025-11-04T00:00:30.2783096Z Build Date: 2025-10-15T20:44:12Z
2025-11-04T00:00:30.2784158Z ##[endgroup]
2025-11-04T00:00:30.2785358Z ##[group]Operating System
2025-11-04T00:00:30.2786246Z Ubuntu
2025-11-04T00:00:30.2787146Z 24.04.3
2025-11-04T00:00:30.2787863Z LTS
2025-11-04T00:00:30.2788606Z ##[endgroup]
2025-11-04T00:00:30.2789398Z ##[group]Runner Image
2025-11-04T00:00:30.2790401Z Image: ubuntu-24.04
2025-11-04T00:00:30.2791197Z Version: 20251030.96.2
2025-11-04T00:00:30.2792935Z Included Software: https://github.com/actions/runner-images/blob/ubuntu24/20251030.96/images/ubuntu/Ubuntu2404-Readme.md
2025-11-04T00:00:30.2795918Z Image Release: https://github.com/actions/runner-images/releases/tag/ubuntu24%2F20251030.96
2025-11-04T00:00:30.2797824Z ##[endgroup]
2025-11-04T00:00:30.2799838Z ##[group]GITHUB_TOKEN Permissions
2025-11-04T00:00:30.2802473Z Contents: read
2025-11-04T00:00:30.2803341Z Metadata: read
2025-11-04T00:00:30.2804264Z Packages: read
2025-11-04T00:00:30.2805404Z ##[endgroup]
2025-11-04T00:00:30.2808510Z Secret source: Actions
2025-11-04T00:00:30.2809749Z Prepare workflow directory
2025-11-04T00:00:30.3297170Z Prepare all required actions
2025-11-04T00:00:30.3357776Z Getting action download info
2025-11-04T00:00:30.5964093Z Download action repository 'actions/checkout@v4' (SHA:08eba0b27e820071cde6df949e0beb9ba4906955)
2025-11-04T00:00:30.7875851Z Download action repository 'actions/setup-node@v4' (SHA:49933ea5288caeca8642d1e84afbd3f7d6820020)
2025-11-04T00:00:30.8753881Z Download action repository 'actions/upload-artifact@v4' (SHA:ea165f8d65b6e75b540449e92b4886f43607fa02)
2025-11-04T00:00:31.0725371Z Complete job name: quality-gates
2025-11-04T00:00:31.1467047Z ##[group]Run actions/checkout@v4
2025-11-04T00:00:31.1467893Z with:
2025-11-04T00:00:31.1468345Z   repository: Dirty13itch/AuditForecaster
2025-11-04T00:00:31.1469089Z   token: ***
2025-11-04T00:00:31.1469492Z   ssh-strict: true
2025-11-04T00:00:31.1469884Z   ssh-user: git
2025-11-04T00:00:31.1470338Z   persist-credentials: true
2025-11-04T00:00:31.1470792Z   clean: true
2025-11-04T00:00:31.1471186Z   sparse-checkout-cone-mode: true
2025-11-04T00:00:31.1471670Z   fetch-depth: 1
2025-11-04T00:00:31.1472056Z   fetch-tags: false
2025-11-04T00:00:31.1472464Z   show-progress: true
2025-11-04T00:00:31.1472864Z   lfs: false
2025-11-04T00:00:31.1473227Z   submodules: false
2025-11-04T00:00:31.1473621Z   set-safe-directory: true
2025-11-04T00:00:31.1474276Z ##[endgroup]
2025-11-04T00:00:31.2566861Z Syncing repository: Dirty13itch/AuditForecaster
2025-11-04T00:00:31.2569199Z ##[group]Getting Git version info
2025-11-04T00:00:31.2570106Z Working directory is '/home/runner/work/AuditForecaster/AuditForecaster'
2025-11-04T00:00:31.2571147Z [command]/usr/bin/git version
2025-11-04T00:00:31.2653705Z git version 2.51.2
2025-11-04T00:00:31.2682242Z ##[endgroup]
2025-11-04T00:00:31.2708055Z Temporarily overriding HOME='/home/runner/work/_temp/50e5f0f6-ba72-4660-beda-269e7b9a532f' before making global git config changes
2025-11-04T00:00:31.2710467Z Adding repository directory to the temporary git global config as a safe directory
2025-11-04T00:00:31.2715363Z [command]/usr/bin/git config --global --add safe.directory /home/runner/work/AuditForecaster/AuditForecaster
2025-11-04T00:00:31.2758297Z Deleting the contents of '/home/runner/work/AuditForecaster/AuditForecaster'
2025-11-04T00:00:31.2762624Z ##[group]Initializing the repository
2025-11-04T00:00:31.2768207Z [command]/usr/bin/git init /home/runner/work/AuditForecaster/AuditForecaster
2025-11-04T00:00:31.2881772Z hint: Using 'master' as the name for the initial branch. This default branch name
2025-11-04T00:00:31.2883544Z hint: is subject to change. To configure the initial branch name to use in all
2025-11-04T00:00:31.2885243Z hint: of your new repositories, which will suppress this warning, call:
2025-11-04T00:00:31.2886620Z hint:
2025-11-04T00:00:31.2887332Z hint: 	git config --global init.defaultBranch <name>
2025-11-04T00:00:31.2888216Z hint:
2025-11-04T00:00:31.2889179Z hint: Names commonly chosen instead of 'master' are 'main', 'trunk' and
2025-11-04T00:00:31.2890708Z hint: 'development'. The just-created branch can be renamed via this command:
2025-11-04T00:00:31.2891937Z hint:
2025-11-04T00:00:31.2892612Z hint: 	git branch -m <name>
2025-11-04T00:00:31.2893355Z hint:
2025-11-04T00:00:31.2894415Z hint: Disable this message with "git config set advice.defaultBranchName false"
2025-11-04T00:00:31.2896486Z Initialized empty Git repository in /home/runner/work/AuditForecaster/AuditForecaster/.git/
2025-11-04T00:00:31.2904138Z [command]/usr/bin/git remote add origin https://github.com/Dirty13itch/AuditForecaster
2025-11-04T00:00:31.2945054Z ##[endgroup]
2025-11-04T00:00:31.2946297Z ##[group]Disabling automatic garbage collection
2025-11-04T00:00:31.2950210Z [command]/usr/bin/git config --local gc.auto 0
2025-11-04T00:00:31.2985476Z ##[endgroup]
2025-11-04T00:00:31.2986690Z ##[group]Setting up auth
2025-11-04T00:00:31.2993961Z [command]/usr/bin/git config --local --name-only --get-regexp core\.sshCommand
2025-11-04T00:00:31.3032605Z [command]/usr/bin/git submodule foreach --recursive sh -c "git config --local --name-only --get-regexp 'core\.sshCommand' && git config --local --unset-all 'core.sshCommand' || :"
2025-11-04T00:00:31.3401132Z [command]/usr/bin/git config --local --name-only --get-regexp http\.https\:\/\/github\.com\/\.extraheader
2025-11-04T00:00:31.3433429Z [command]/usr/bin/git submodule foreach --recursive sh -c "git config --local --name-only --get-regexp 'http\.https\:\/\/github\.com\/\.extraheader' && git config --local --unset-all 'http.https://github.com/.extraheader' || :"
2025-11-04T00:00:31.3676693Z [command]/usr/bin/git config --local http.https://github.com/.extraheader AUTHORIZATION: basic ***
2025-11-04T00:00:31.3717401Z ##[endgroup]
2025-11-04T00:00:31.3718754Z ##[group]Fetching the repository
2025-11-04T00:00:31.3727123Z [command]/usr/bin/git -c protocol.version=2 fetch --no-tags --prune --no-recurse-submodules --depth=1 origin +f24c481242973ede98c42ea2a92a95ff6f7c381a:refs/remotes/origin/main
2025-11-04T00:00:33.2859885Z From https://github.com/Dirty13itch/AuditForecaster
2025-11-04T00:00:33.2860960Z  * [new ref]         f24c481242973ede98c42ea2a92a95ff6f7c381a -> origin/main
2025-11-04T00:00:33.2891563Z ##[endgroup]
2025-11-04T00:00:33.2894580Z ##[group]Determining the checkout info
2025-11-04T00:00:33.2896252Z ##[endgroup]
2025-11-04T00:00:33.2898970Z [command]/usr/bin/git sparse-checkout disable
2025-11-04T00:00:33.2939491Z [command]/usr/bin/git config --local --unset-all extensions.worktreeConfig
2025-11-04T00:00:33.2968412Z ##[group]Checking out the ref
2025-11-04T00:00:33.2971662Z [command]/usr/bin/git checkout --progress --force -B main refs/remotes/origin/main
2025-11-04T00:00:33.5220673Z Switched to a new branch 'main'
2025-11-04T00:00:33.5222176Z branch 'main' set up to track 'origin/main'.
2025-11-04T00:00:33.5240163Z ##[endgroup]
2025-11-04T00:00:33.5277596Z [command]/usr/bin/git log -1 --format=%H
2025-11-04T00:00:33.5299729Z f24c481242973ede98c42ea2a92a95ff6f7c381a
2025-11-04T00:00:33.5610170Z ##[group]Run actions/setup-node@v4
2025-11-04T00:00:33.5611398Z with:
2025-11-04T00:00:33.5612214Z   node-version: 20
2025-11-04T00:00:33.5613133Z   cache: npm
2025-11-04T00:00:33.5613974Z   always-auth: false
2025-11-04T00:00:33.5615071Z   check-latest: false
2025-11-04T00:00:33.5616346Z   token: ***
2025-11-04T00:00:33.5617174Z ##[endgroup]
2025-11-04T00:00:33.7507033Z Found in cache @ /opt/hostedtoolcache/node/20.19.5/x64
2025-11-04T00:00:33.7514169Z ##[group]Environment details
2025-11-04T00:00:36.1176995Z node: v20.19.5
2025-11-04T00:00:36.1177725Z npm: 10.8.2
2025-11-04T00:00:36.1178013Z yarn: 1.22.22
2025-11-04T00:00:36.1178902Z ##[endgroup]
2025-11-04T00:00:36.1206718Z [command]/opt/hostedtoolcache/node/20.19.5/x64/bin/npm config get cache
2025-11-04T00:00:36.4230644Z /home/runner/.npm
2025-11-04T00:00:36.5501659Z npm cache is not found
2025-11-04T00:00:36.5620654Z ##[group]Run npm ci
2025-11-04T00:00:36.5620983Z [36;1mnpm ci[0m
2025-11-04T00:00:36.5733500Z shell: /usr/bin/bash -e {0}
2025-11-04T00:00:36.5733808Z ##[endgroup]
2025-11-04T00:00:41.3949379Z npm warn ERESOLVE overriding peer dependency
2025-11-04T00:00:41.3950522Z npm warn While resolving: @opentelemetry/core@1.15.2
2025-11-04T00:00:41.3951218Z npm warn Found: @opentelemetry/api@1.9.0
2025-11-04T00:00:41.3951850Z npm warn node_modules/@opentelemetry/api
2025-11-04T00:00:41.3952721Z npm warn   @opentelemetry/api@"^1.3.0" from @opentelemetry/api-logs@0.204.0
2025-11-04T00:00:41.3953544Z npm warn   node_modules/@opentelemetry/api-logs
2025-11-04T00:00:41.3954478Z npm warn     @opentelemetry/api-logs@"0.204.0" from @opentelemetry/instrumentation@0.204.0
2025-11-04T00:00:41.3955836Z npm warn     node_modules/@opentelemetry/instrumentation
2025-11-04T00:00:41.3956707Z npm warn   101 more (@opentelemetry/context-async-hooks, ...)
2025-11-04T00:00:41.3957310Z npm warn
2025-11-04T00:00:41.3957821Z npm warn Could not resolve dependency:
2025-11-04T00:00:41.3958613Z npm warn peer @opentelemetry/api@">=1.0.0 <1.5.0" from @opentelemetry/core@1.15.2
2025-11-04T00:00:41.3959753Z npm warn node_modules/@opentelemetry/exporter-metrics-otlp-grpc/node_modules/@opentelemetry/core
2025-11-04T00:00:41.3961012Z npm warn   @opentelemetry/core@"1.15.2" from @opentelemetry/exporter-metrics-otlp-grpc@0.41.2
2025-11-04T00:00:41.3962070Z npm warn   node_modules/@opentelemetry/exporter-metrics-otlp-grpc
2025-11-04T00:00:41.3962894Z npm warn   5 more (@opentelemetry/otlp-transformer, ...)
2025-11-04T00:00:41.3963377Z npm warn
2025-11-04T00:00:41.3963946Z npm warn Conflicting peer dependency: @opentelemetry/api@1.4.1
2025-11-04T00:00:41.3964639Z npm warn node_modules/@opentelemetry/api
2025-11-04T00:00:41.3965748Z npm warn   peer @opentelemetry/api@">=1.0.0 <1.5.0" from @opentelemetry/core@1.15.2
2025-11-04T00:00:41.3967105Z npm warn   node_modules/@opentelemetry/exporter-metrics-otlp-grpc/node_modules/@opentelemetry/core
2025-11-04T00:00:41.3968498Z npm warn     @opentelemetry/core@"1.15.2" from @opentelemetry/exporter-metrics-otlp-grpc@0.41.2
2025-11-04T00:00:41.3969586Z npm warn     node_modules/@opentelemetry/exporter-metrics-otlp-grpc
2025-11-04T00:00:41.3970419Z npm warn     5 more (@opentelemetry/otlp-transformer, ...)
2025-11-04T00:00:41.4903368Z npm warn ERESOLVE overriding peer dependency
2025-11-04T00:00:41.4904500Z npm warn While resolving: @opentelemetry/otlp-transformer@0.41.2
2025-11-04T00:00:41.4905663Z npm warn Found: @opentelemetry/api@1.9.0
2025-11-04T00:00:41.4906376Z npm warn node_modules/@opentelemetry/api
2025-11-04T00:00:41.4907339Z npm warn   @opentelemetry/api@"^1.3.0" from @opentelemetry/api-logs@0.204.0
2025-11-04T00:00:41.4908140Z npm warn   node_modules/@opentelemetry/api-logs
2025-11-04T00:00:41.4909039Z npm warn     @opentelemetry/api-logs@"0.204.0" from @opentelemetry/instrumentation@0.204.0
2025-11-04T00:00:41.4909662Z npm warn     node_modules/@opentelemetry/instrumentation
2025-11-04T00:00:41.4910129Z npm warn   101 more (@opentelemetry/context-async-hooks, ...)
2025-11-04T00:00:41.4910446Z npm warn
2025-11-04T00:00:41.4910699Z npm warn Could not resolve dependency:
2025-11-04T00:00:41.4911239Z npm warn peer @opentelemetry/api@">=1.3.0 <1.5.0" from @opentelemetry/otlp-transformer@0.41.2
2025-11-04T00:00:41.4912004Z npm warn node_modules/@opentelemetry/exporter-metrics-otlp-grpc/node_modules/@opentelemetry/otlp-transformer
2025-11-04T00:00:41.4912828Z npm warn   @opentelemetry/otlp-transformer@"0.41.2" from @opentelemetry/exporter-metrics-otlp-grpc@0.41.2
2025-11-04T00:00:41.4913450Z npm warn   node_modules/@opentelemetry/exporter-metrics-otlp-grpc
2025-11-04T00:00:41.4913778Z npm warn
2025-11-04T00:00:41.4914108Z npm warn Conflicting peer dependency: @opentelemetry/api@1.4.1
2025-11-04T00:00:41.4914505Z npm warn node_modules/@opentelemetry/api
2025-11-04T00:00:41.4915579Z npm warn   peer @opentelemetry/api@">=1.3.0 <1.5.0" from @opentelemetry/otlp-transformer@0.41.2
2025-11-04T00:00:41.4916569Z npm warn   node_modules/@opentelemetry/exporter-metrics-otlp-grpc/node_modules/@opentelemetry/otlp-transformer
2025-11-04T00:00:41.4917408Z npm warn     @opentelemetry/otlp-transformer@"0.41.2" from @opentelemetry/exporter-metrics-otlp-grpc@0.41.2
2025-11-04T00:00:41.4918030Z npm warn     node_modules/@opentelemetry/exporter-metrics-otlp-grpc
2025-11-04T00:00:41.5696913Z npm warn ERESOLVE overriding peer dependency
2025-11-04T00:00:41.5697948Z npm warn While resolving: @opentelemetry/resources@1.15.2
2025-11-04T00:00:41.5698757Z npm warn Found: @opentelemetry/api@1.9.0
2025-11-04T00:00:41.5699166Z npm warn node_modules/@opentelemetry/api
2025-11-04T00:00:41.5699637Z npm warn   @opentelemetry/api@"^1.3.0" from @opentelemetry/api-logs@0.204.0
2025-11-04T00:00:41.5700113Z npm warn   node_modules/@opentelemetry/api-logs
2025-11-04T00:00:41.5700644Z npm warn     @opentelemetry/api-logs@"0.204.0" from @opentelemetry/instrumentation@0.204.0
2025-11-04T00:00:41.5701201Z npm warn     node_modules/@opentelemetry/instrumentation
2025-11-04T00:00:41.5701650Z npm warn   101 more (@opentelemetry/context-async-hooks, ...)
2025-11-04T00:00:41.5701965Z npm warn
2025-11-04T00:00:41.5702207Z npm warn Could not resolve dependency:
2025-11-04T00:00:41.5702702Z npm warn peer @opentelemetry/api@">=1.0.0 <1.5.0" from @opentelemetry/resources@1.15.2
2025-11-04T00:00:41.5703420Z npm warn node_modules/@opentelemetry/exporter-metrics-otlp-grpc/node_modules/@opentelemetry/resources
2025-11-04T00:00:41.5704167Z npm warn   @opentelemetry/resources@"1.15.2" from @opentelemetry/exporter-metrics-otlp-grpc@0.41.2
2025-11-04T00:00:41.5704963Z npm warn   node_modules/@opentelemetry/exporter-metrics-otlp-grpc
2025-11-04T00:00:41.5705424Z npm warn   4 more (@opentelemetry/otlp-transformer, ...)
2025-11-04T00:00:41.5705718Z npm warn
2025-11-04T00:00:41.5706057Z npm warn Conflicting peer dependency: @opentelemetry/api@1.4.1
2025-11-04T00:00:41.5706454Z npm warn node_modules/@opentelemetry/api
2025-11-04T00:00:41.5706952Z npm warn   peer @opentelemetry/api@">=1.0.0 <1.5.0" from @opentelemetry/resources@1.15.2
2025-11-04T00:00:41.5707684Z npm warn   node_modules/@opentelemetry/exporter-metrics-otlp-grpc/node_modules/@opentelemetry/resources
2025-11-04T00:00:41.5708449Z npm warn     @opentelemetry/resources@"1.15.2" from @opentelemetry/exporter-metrics-otlp-grpc@0.41.2
2025-11-04T00:00:41.5709061Z npm warn     node_modules/@opentelemetry/exporter-metrics-otlp-grpc
2025-11-04T00:00:41.6451711Z npm warn     4 more (@opentelemetry/otlp-transformer, ...)
2025-11-04T00:00:41.6452677Z npm warn ERESOLVE overriding peer dependency
2025-11-04T00:00:41.6453666Z npm warn While resolving: @opentelemetry/sdk-metrics@1.15.2
2025-11-04T00:00:41.6454472Z npm warn Found: @opentelemetry/api@1.9.0
2025-11-04T00:00:41.6455463Z npm warn node_modules/@opentelemetry/api
2025-11-04T00:00:41.6456111Z npm warn   @opentelemetry/api@"^1.3.0" from @opentelemetry/api-logs@0.204.0
2025-11-04T00:00:41.6456727Z npm warn   node_modules/@opentelemetry/api-logs
2025-11-04T00:00:41.6457415Z npm warn     @opentelemetry/api-logs@"0.204.0" from @opentelemetry/instrumentation@0.204.0
2025-11-04T00:00:41.6458065Z npm warn     node_modules/@opentelemetry/instrumentation
2025-11-04T00:00:41.6458611Z npm warn   101 more (@opentelemetry/context-async-hooks, ...)
2025-11-04T00:00:41.6459003Z npm warn
2025-11-04T00:00:41.6459313Z npm warn Could not resolve dependency:
2025-11-04T00:00:41.6459936Z npm warn peer @opentelemetry/api@">=1.3.0 <1.5.0" from @opentelemetry/sdk-metrics@1.15.2
2025-11-04T00:00:41.6460776Z npm warn node_modules/@opentelemetry/exporter-metrics-otlp-grpc/node_modules/@opentelemetry/sdk-metrics
2025-11-04T00:00:41.6461555Z npm warn   @opentelemetry/sdk-metrics@"1.15.2" from @opentelemetry/exporter-metrics-otlp-grpc@0.41.2
2025-11-04T00:00:41.6462141Z npm warn   node_modules/@opentelemetry/exporter-metrics-otlp-grpc
2025-11-04T00:00:41.6462578Z npm warn   1 more (@opentelemetry/otlp-transformer)
2025-11-04T00:00:41.6463139Z npm warn
2025-11-04T00:00:41.6463643Z npm warn Conflicting peer dependency: @opentelemetry/api@1.4.1
2025-11-04T00:00:41.6464055Z npm warn node_modules/@opentelemetry/api
2025-11-04T00:00:41.6464555Z npm warn   peer @opentelemetry/api@">=1.3.0 <1.5.0" from @opentelemetry/sdk-metrics@1.15.2
2025-11-04T00:00:41.6465471Z npm warn   node_modules/@opentelemetry/exporter-metrics-otlp-grpc/node_modules/@opentelemetry/sdk-metrics
2025-11-04T00:00:41.6466252Z npm warn     @opentelemetry/sdk-metrics@"1.15.2" from @opentelemetry/exporter-metrics-otlp-grpc@0.41.2
2025-11-04T00:00:41.6466846Z npm warn     node_modules/@opentelemetry/exporter-metrics-otlp-grpc
2025-11-04T00:00:41.6467286Z npm warn     1 more (@opentelemetry/otlp-transformer)
2025-11-04T00:00:41.7242808Z npm warn ERESOLVE overriding peer dependency
2025-11-04T00:00:41.7243687Z npm warn While resolving: @opentelemetry/core@1.15.2
2025-11-04T00:00:41.7246391Z npm warn Found: @opentelemetry/api@1.9.0
2025-11-04T00:00:41.7247238Z npm warn node_modules/@opentelemetry/api
2025-11-04T00:00:41.7248360Z npm warn   @opentelemetry/api@"^1.3.0" from @opentelemetry/api-logs@0.204.0
2025-11-04T00:00:41.7249223Z npm warn   node_modules/@opentelemetry/api-logs
2025-11-04T00:00:41.7250033Z npm warn     @opentelemetry/api-logs@"0.204.0" from @opentelemetry/instrumentation@0.204.0
2025-11-04T00:00:41.7250853Z npm warn     node_modules/@opentelemetry/instrumentation
2025-11-04T00:00:41.7251634Z npm warn   101 more (@opentelemetry/context-async-hooks, ...)
2025-11-04T00:00:41.7252187Z npm warn
2025-11-04T00:00:41.7252611Z npm warn Could not resolve dependency:
2025-11-04T00:00:41.7253436Z npm warn peer @opentelemetry/api@">=1.0.0 <1.5.0" from @opentelemetry/core@1.15.2
2025-11-04T00:00:41.7254662Z npm warn node_modules/@opentelemetry/exporter-metrics-otlp-http/node_modules/@opentelemetry/core
2025-11-04T00:00:41.7256187Z npm warn   @opentelemetry/core@"1.15.2" from @opentelemetry/exporter-metrics-otlp-http@0.41.2
2025-11-04T00:00:41.7257235Z npm warn   node_modules/@opentelemetry/exporter-metrics-otlp-http
2025-11-04T00:00:41.7258064Z npm warn   5 more (@opentelemetry/otlp-transformer, ...)
2025-11-04T00:00:41.7258596Z npm warn
2025-11-04T00:00:41.7259246Z npm warn Conflicting peer dependency: @opentelemetry/api@1.4.1
2025-11-04T00:00:41.7260047Z npm warn node_modules/@opentelemetry/api
2025-11-04T00:00:41.7260934Z npm warn   peer @opentelemetry/api@">=1.0.0 <1.5.0" from @opentelemetry/core@1.15.2
2025-11-04T00:00:41.7262194Z npm warn   node_modules/@opentelemetry/exporter-metrics-otlp-http/node_modules/@opentelemetry/core
2025-11-04T00:00:41.7263512Z npm warn     @opentelemetry/core@"1.15.2" from @opentelemetry/exporter-metrics-otlp-http@0.41.2
2025-11-04T00:00:41.7264569Z npm warn     node_modules/@opentelemetry/exporter-metrics-otlp-http
2025-11-04T00:00:41.7265618Z npm warn     5 more (@opentelemetry/otlp-transformer, ...)
2025-11-04T00:00:41.7972580Z npm warn ERESOLVE overriding peer dependency
2025-11-04T00:00:41.7973566Z npm warn While resolving: @opentelemetry/otlp-transformer@0.41.2
2025-11-04T00:00:41.7974305Z npm warn Found: @opentelemetry/api@1.9.0
2025-11-04T00:00:41.7975348Z npm warn node_modules/@opentelemetry/api
2025-11-04T00:00:41.7976125Z npm warn   @opentelemetry/api@"^1.3.0" from @opentelemetry/api-logs@0.204.0
2025-11-04T00:00:41.7977025Z npm warn   node_modules/@opentelemetry/api-logs
2025-11-04T00:00:41.7977915Z npm warn     @opentelemetry/api-logs@"0.204.0" from @opentelemetry/instrumentation@0.204.0
2025-11-04T00:00:41.7978774Z npm warn     node_modules/@opentelemetry/instrumentation
2025-11-04T00:00:41.7979518Z npm warn   101 more (@opentelemetry/context-async-hooks, ...)
2025-11-04T00:00:41.7980032Z npm warn
2025-11-04T00:00:41.7980453Z npm warn Could not resolve dependency:
2025-11-04T00:00:41.7981353Z npm warn peer @opentelemetry/api@">=1.3.0 <1.5.0" from @opentelemetry/otlp-transformer@0.41.2
2025-11-04T00:00:41.7982477Z npm warn node_modules/@opentelemetry/exporter-metrics-otlp-http/node_modules/@opentelemetry/otlp-transformer
2025-11-04T00:00:41.7984455Z npm warn   @opentelemetry/otlp-transformer@"0.41.2" from @opentelemetry/exporter-metrics-otlp-http@0.41.2
2025-11-04T00:00:41.7985854Z npm warn   node_modules/@opentelemetry/exporter-metrics-otlp-http
2025-11-04T00:00:41.7986438Z npm warn
2025-11-04T00:00:41.7987025Z npm warn Conflicting peer dependency: @opentelemetry/api@1.4.1
2025-11-04T00:00:41.7987725Z npm warn node_modules/@opentelemetry/api
2025-11-04T00:00:41.7988627Z npm warn   peer @opentelemetry/api@">=1.3.0 <1.5.0" from @opentelemetry/otlp-transformer@0.41.2
2025-11-04T00:00:41.7989973Z npm warn   node_modules/@opentelemetry/exporter-metrics-otlp-http/node_modules/@opentelemetry/otlp-transformer
2025-11-04T00:00:41.7991414Z npm warn     @opentelemetry/otlp-transformer@"0.41.2" from @opentelemetry/exporter-metrics-otlp-http@0.41.2
2025-11-04T00:00:41.7992503Z npm warn     node_modules/@opentelemetry/exporter-metrics-otlp-http
2025-11-04T00:00:41.8695845Z npm warn ERESOLVE overriding peer dependency
2025-11-04T00:00:41.8696675Z npm warn While resolving: @opentelemetry/resources@1.15.2
2025-11-04T00:00:41.8697482Z npm warn Found: @opentelemetry/api@1.9.0
2025-11-04T00:00:41.8698041Z npm warn node_modules/@opentelemetry/api
2025-11-04T00:00:41.8698804Z npm warn   @opentelemetry/api@"^1.3.0" from @opentelemetry/api-logs@0.204.0
2025-11-04T00:00:41.8699593Z npm warn   node_modules/@opentelemetry/api-logs
2025-11-04T00:00:41.8700458Z npm warn     @opentelemetry/api-logs@"0.204.0" from @opentelemetry/instrumentation@0.204.0
2025-11-04T00:00:41.8701347Z npm warn     node_modules/@opentelemetry/instrumentation
2025-11-04T00:00:41.8702073Z npm warn   101 more (@opentelemetry/context-async-hooks, ...)
2025-11-04T00:00:41.8702620Z npm warn
2025-11-04T00:00:41.8703033Z npm warn Could not resolve dependency:
2025-11-04T00:00:41.8703841Z npm warn peer @opentelemetry/api@">=1.0.0 <1.5.0" from @opentelemetry/resources@1.15.2
2025-11-04T00:00:41.8705248Z npm warn node_modules/@opentelemetry/exporter-metrics-otlp-http/node_modules/@opentelemetry/resources
2025-11-04T00:00:41.8706584Z npm warn   @opentelemetry/resources@"1.15.2" from @opentelemetry/exporter-metrics-otlp-http@0.41.2
2025-11-04T00:00:41.8707614Z npm warn   node_modules/@opentelemetry/exporter-metrics-otlp-http
2025-11-04T00:00:41.8708405Z npm warn   4 more (@opentelemetry/otlp-transformer, ...)
2025-11-04T00:00:41.8708921Z npm warn
2025-11-04T00:00:41.8709504Z npm warn Conflicting peer dependency: @opentelemetry/api@1.4.1
2025-11-04T00:00:41.8710202Z npm warn node_modules/@opentelemetry/api
2025-11-04T00:00:41.8711074Z npm warn   peer @opentelemetry/api@">=1.0.0 <1.5.0" from @opentelemetry/resources@1.15.2
2025-11-04T00:00:41.8712335Z npm warn   node_modules/@opentelemetry/exporter-metrics-otlp-http/node_modules/@opentelemetry/resources
2025-11-04T00:00:41.8713680Z npm warn     @opentelemetry/resources@"1.15.2" from @opentelemetry/exporter-metrics-otlp-http@0.41.2
2025-11-04T00:00:41.8714950Z npm warn     node_modules/@opentelemetry/exporter-metrics-otlp-http
2025-11-04T00:00:41.8715797Z npm warn     4 more (@opentelemetry/otlp-transformer, ...)
2025-11-04T00:00:41.9423597Z npm warn ERESOLVE overriding peer dependency
2025-11-04T00:00:41.9424423Z npm warn While resolving: @opentelemetry/sdk-metrics@1.15.2
2025-11-04T00:00:41.9425352Z npm warn Found: @opentelemetry/api@1.9.0
2025-11-04T00:00:41.9425954Z npm warn node_modules/@opentelemetry/api
2025-11-04T00:00:41.9426724Z npm warn   @opentelemetry/api@"^1.3.0" from @opentelemetry/api-logs@0.204.0
2025-11-04T00:00:41.9427696Z npm warn   node_modules/@opentelemetry/api-logs
2025-11-04T00:00:41.9428596Z npm warn     @opentelemetry/api-logs@"0.204.0" from @opentelemetry/instrumentation@0.204.0
2025-11-04T00:00:41.9429464Z npm warn     node_modules/@opentelemetry/instrumentation
2025-11-04T00:00:41.9430221Z npm warn   101 more (@opentelemetry/context-async-hooks, ...)
2025-11-04T00:00:41.9430751Z npm warn
2025-11-04T00:00:41.9431174Z npm warn Could not resolve dependency:
2025-11-04T00:00:41.9432020Z npm warn peer @opentelemetry/api@">=1.3.0 <1.5.0" from @opentelemetry/sdk-metrics@1.15.2
2025-11-04T00:00:41.9433716Z npm warn node_modules/@opentelemetry/exporter-metrics-otlp-http/node_modules/@opentelemetry/sdk-metrics
2025-11-04T00:00:41.9435315Z npm warn   @opentelemetry/sdk-metrics@"1.15.2" from @opentelemetry/exporter-metrics-otlp-http@0.41.2
2025-11-04T00:00:41.9436386Z npm warn   node_modules/@opentelemetry/exporter-metrics-otlp-http
2025-11-04T00:00:41.9437164Z npm warn   1 more (@opentelemetry/otlp-transformer)
2025-11-04T00:00:41.9437652Z npm warn
2025-11-04T00:00:41.9438221Z npm warn Conflicting peer dependency: @opentelemetry/api@1.4.1
2025-11-04T00:00:41.9438901Z npm warn node_modules/@opentelemetry/api
2025-11-04T00:00:41.9439782Z npm warn   peer @opentelemetry/api@">=1.3.0 <1.5.0" from @opentelemetry/sdk-metrics@1.15.2
2025-11-04T00:00:41.9441065Z npm warn   node_modules/@opentelemetry/exporter-metrics-otlp-http/node_modules/@opentelemetry/sdk-metrics
2025-11-04T00:00:41.9442464Z npm warn     @opentelemetry/sdk-metrics@"1.15.2" from @opentelemetry/exporter-metrics-otlp-http@0.41.2
2025-11-04T00:00:41.9443554Z npm warn     node_modules/@opentelemetry/exporter-metrics-otlp-http
2025-11-04T00:00:41.9444329Z npm warn     1 more (@opentelemetry/otlp-transformer)
2025-11-04T00:00:42.0195632Z npm warn ERESOLVE overriding peer dependency
2025-11-04T00:00:42.0196837Z npm warn While resolving: @opentelemetry/core@1.15.2
2025-11-04T00:00:42.0197461Z npm warn Found: @opentelemetry/api@1.9.0
2025-11-04T00:00:42.0198086Z npm warn node_modules/@opentelemetry/api
2025-11-04T00:00:42.0198824Z npm warn   @opentelemetry/api@"^1.3.0" from @opentelemetry/api-logs@0.204.0
2025-11-04T00:00:42.0199588Z npm warn   node_modules/@opentelemetry/api-logs
2025-11-04T00:00:42.0200467Z npm warn     @opentelemetry/api-logs@"0.204.0" from @opentelemetry/instrumentation@0.204.0
2025-11-04T00:00:42.0201325Z npm warn     node_modules/@opentelemetry/instrumentation
2025-11-04T00:00:42.0202050Z npm warn   101 more (@opentelemetry/context-async-hooks, ...)
2025-11-04T00:00:42.0202617Z npm warn
2025-11-04T00:00:42.0203026Z npm warn Could not resolve dependency:
2025-11-04T00:00:42.0203898Z npm warn peer @opentelemetry/api@">=1.0.0 <1.5.0" from @opentelemetry/core@1.15.2
2025-11-04T00:00:42.0205295Z npm warn node_modules/@opentelemetry/exporter-metrics-otlp-proto/node_modules/@opentelemetry/core
2025-11-04T00:00:42.0206437Z npm warn   @opentelemetry/core@"1.15.2" from @opentelemetry/exporter-metrics-otlp-proto@0.41.2
2025-11-04T00:00:42.0207456Z npm warn   node_modules/@opentelemetry/exporter-metrics-otlp-proto
2025-11-04T00:00:42.0208256Z npm warn   5 more (@opentelemetry/otlp-transformer, ...)
2025-11-04T00:00:42.0208762Z npm warn
2025-11-04T00:00:42.0209340Z npm warn Conflicting peer dependency: @opentelemetry/api@1.4.1
2025-11-04T00:00:42.0210025Z npm warn node_modules/@opentelemetry/api
2025-11-04T00:00:42.0210875Z npm warn   peer @opentelemetry/api@">=1.0.0 <1.5.0" from @opentelemetry/core@1.15.2
2025-11-04T00:00:42.0212087Z npm warn   node_modules/@opentelemetry/exporter-metrics-otlp-proto/node_modules/@opentelemetry/core
2025-11-04T00:00:42.0213406Z npm warn     @opentelemetry/core@"1.15.2" from @opentelemetry/exporter-metrics-otlp-proto@0.41.2
2025-11-04T00:00:42.0214435Z npm warn     node_modules/@opentelemetry/exporter-metrics-otlp-proto
2025-11-04T00:00:42.0215476Z npm warn     5 more (@opentelemetry/otlp-transformer, ...)
2025-11-04T00:00:42.0958291Z npm warn ERESOLVE overriding peer dependency
2025-11-04T00:00:42.0959223Z npm warn While resolving: @opentelemetry/otlp-transformer@0.41.2
2025-11-04T00:00:42.0959898Z npm warn Found: @opentelemetry/api@1.9.0
2025-11-04T00:00:42.0960435Z npm warn node_modules/@opentelemetry/api
2025-11-04T00:00:42.0961222Z npm warn   @opentelemetry/api@"^1.3.0" from @opentelemetry/api-logs@0.204.0
2025-11-04T00:00:42.0961949Z npm warn   node_modules/@opentelemetry/api-logs
2025-11-04T00:00:42.0962828Z npm warn     @opentelemetry/api-logs@"0.204.0" from @opentelemetry/instrumentation@0.204.0
2025-11-04T00:00:42.0964090Z npm warn     node_modules/@opentelemetry/instrumentation
2025-11-04T00:00:42.0965497Z npm warn   101 more (@opentelemetry/context-async-hooks, ...)
2025-11-04T00:00:42.0965978Z npm warn
2025-11-04T00:00:42.0966335Z npm warn Could not resolve dependency:
2025-11-04T00:00:42.0967118Z npm warn peer @opentelemetry/api@">=1.3.0 <1.5.0" from @opentelemetry/otlp-transformer@0.41.2
2025-11-04T00:00:42.0968457Z npm warn node_modules/@opentelemetry/exporter-metrics-otlp-proto/node_modules/@opentelemetry/otlp-transformer
2025-11-04T00:00:42.0969931Z npm warn   @opentelemetry/otlp-transformer@"0.41.2" from @opentelemetry/exporter-metrics-otlp-proto@0.41.2
2025-11-04T00:00:42.0971048Z npm warn   node_modules/@opentelemetry/exporter-metrics-otlp-proto
2025-11-04T00:00:42.0971619Z npm warn
2025-11-04T00:00:42.0972204Z npm warn Conflicting peer dependency: @opentelemetry/api@1.4.1
2025-11-04T00:00:42.0972883Z npm warn node_modules/@opentelemetry/api
2025-11-04T00:00:42.0973838Z npm warn   peer @opentelemetry/api@">=1.3.0 <1.5.0" from @opentelemetry/otlp-transformer@0.41.2
2025-11-04T00:00:42.0975446Z npm warn   node_modules/@opentelemetry/exporter-metrics-otlp-proto/node_modules/@opentelemetry/otlp-transformer
2025-11-04T00:00:42.0976907Z npm warn     @opentelemetry/otlp-transformer@"0.41.2" from @opentelemetry/exporter-metrics-otlp-proto@0.41.2
2025-11-04T00:00:42.0978009Z npm warn     node_modules/@opentelemetry/exporter-metrics-otlp-proto
2025-11-04T00:00:42.1717652Z npm warn ERESOLVE overriding peer dependency
2025-11-04T00:00:42.1719122Z npm warn While resolving: @opentelemetry/resources@1.15.2
2025-11-04T00:00:42.1719777Z npm warn Found: @opentelemetry/api@1.9.0
2025-11-04T00:00:42.1720334Z npm warn node_modules/@opentelemetry/api
2025-11-04T00:00:42.1721156Z npm warn   @opentelemetry/api@"^1.3.0" from @opentelemetry/api-logs@0.204.0
2025-11-04T00:00:42.1721918Z npm warn   node_modules/@opentelemetry/api-logs
2025-11-04T00:00:42.1722806Z npm warn     @opentelemetry/api-logs@"0.204.0" from @opentelemetry/instrumentation@0.204.0
2025-11-04T00:00:42.1723728Z npm warn     node_modules/@opentelemetry/instrumentation
2025-11-04T00:00:42.1724531Z npm warn   101 more (@opentelemetry/context-async-hooks, ...)
2025-11-04T00:00:42.1725417Z npm warn
2025-11-04T00:00:42.1725831Z npm warn Could not resolve dependency:
2025-11-04T00:00:42.1726578Z npm warn peer @opentelemetry/api@">=1.0.0 <1.5.0" from @opentelemetry/resources@1.15.2
2025-11-04T00:00:42.1727815Z npm warn node_modules/@opentelemetry/exporter-metrics-otlp-proto/node_modules/@opentelemetry/resources
2025-11-04T00:00:42.1729180Z npm warn   @opentelemetry/resources@"1.15.2" from @opentelemetry/exporter-metrics-otlp-proto@0.41.2
2025-11-04T00:00:42.1730261Z npm warn   node_modules/@opentelemetry/exporter-metrics-otlp-proto
2025-11-04T00:00:42.1731093Z npm warn   4 more (@opentelemetry/otlp-transformer, ...)
2025-11-04T00:00:42.1731610Z npm warn
2025-11-04T00:00:42.1732182Z npm warn Conflicting peer dependency: @opentelemetry/api@1.4.1
2025-11-04T00:00:42.1732872Z npm warn node_modules/@opentelemetry/api
2025-11-04T00:00:42.1733769Z npm warn   peer @opentelemetry/api@">=1.0.0 <1.5.0" from @opentelemetry/resources@1.15.2
2025-11-04T00:00:42.1735242Z npm warn   node_modules/@opentelemetry/exporter-metrics-otlp-proto/node_modules/@opentelemetry/resources
2025-11-04T00:00:42.1736674Z npm warn     @opentelemetry/resources@"1.15.2" from @opentelemetry/exporter-metrics-otlp-proto@0.41.2
2025-11-04T00:00:42.1737761Z npm warn     node_modules/@opentelemetry/exporter-metrics-otlp-proto
2025-11-04T00:00:42.1738588Z npm warn     4 more (@opentelemetry/otlp-transformer, ...)
2025-11-04T00:00:42.2475997Z npm warn ERESOLVE overriding peer dependency
2025-11-04T00:00:42.2476940Z npm warn While resolving: @opentelemetry/sdk-metrics@1.15.2
2025-11-04T00:00:42.2477562Z npm warn Found: @opentelemetry/api@1.9.0
2025-11-04T00:00:42.2478129Z npm warn node_modules/@opentelemetry/api
2025-11-04T00:00:42.2478913Z npm warn   @opentelemetry/api@"^1.3.0" from @opentelemetry/api-logs@0.204.0
2025-11-04T00:00:42.2480038Z npm warn   node_modules/@opentelemetry/api-logs
2025-11-04T00:00:42.2481163Z npm warn     @opentelemetry/api-logs@"0.204.0" from @opentelemetry/instrumentation@0.204.0
2025-11-04T00:00:42.2482020Z npm warn     node_modules/@opentelemetry/instrumentation
2025-11-04T00:00:42.2482738Z npm warn   101 more (@opentelemetry/context-async-hooks, ...)
2025-11-04T00:00:42.2483270Z npm warn
2025-11-04T00:00:42.2483684Z npm warn Could not resolve dependency:
2025-11-04T00:00:42.2484502Z npm warn peer @opentelemetry/api@">=1.3.0 <1.5.0" from @opentelemetry/sdk-metrics@1.15.2
2025-11-04T00:00:42.2486087Z npm warn node_modules/@opentelemetry/exporter-metrics-otlp-proto/node_modules/@opentelemetry/sdk-metrics
2025-11-04T00:00:42.2487456Z npm warn   @opentelemetry/sdk-metrics@"1.15.2" from @opentelemetry/exporter-metrics-otlp-proto@0.41.2
2025-11-04T00:00:42.2488495Z npm warn   node_modules/@opentelemetry/exporter-metrics-otlp-proto
2025-11-04T00:00:42.2489260Z npm warn   1 more (@opentelemetry/otlp-transformer)
2025-11-04T00:00:42.2489757Z npm warn
2025-11-04T00:00:42.2490312Z npm warn Conflicting peer dependency: @opentelemetry/api@1.4.1
2025-11-04T00:00:42.2490928Z npm warn node_modules/@opentelemetry/api
2025-11-04T00:00:42.2491778Z npm warn   peer @opentelemetry/api@">=1.3.0 <1.5.0" from @opentelemetry/sdk-metrics@1.15.2
2025-11-04T00:00:42.2493042Z npm warn   node_modules/@opentelemetry/exporter-metrics-otlp-proto/node_modules/@opentelemetry/sdk-metrics
2025-11-04T00:00:42.2494361Z npm warn     @opentelemetry/sdk-metrics@"1.15.2" from @opentelemetry/exporter-metrics-otlp-proto@0.41.2
2025-11-04T00:00:42.2495676Z npm warn     node_modules/@opentelemetry/exporter-metrics-otlp-proto
2025-11-04T00:00:42.2496338Z npm warn     1 more (@opentelemetry/otlp-transformer)
2025-11-04T00:00:42.2658159Z npm warn ERESOLVE overriding peer dependency
2025-11-04T00:00:42.2658903Z npm warn While resolving: @opentelemetry/core@1.17.0
2025-11-04T00:00:42.2659543Z npm warn Found: @opentelemetry/api@1.9.0
2025-11-04T00:00:42.2660207Z npm warn node_modules/@opentelemetry/api
2025-11-04T00:00:42.2660970Z npm warn   @opentelemetry/api@"^1.3.0" from @opentelemetry/api-logs@0.204.0
2025-11-04T00:00:42.2661751Z npm warn   node_modules/@opentelemetry/api-logs
2025-11-04T00:00:42.2662635Z npm warn     @opentelemetry/api-logs@"0.204.0" from @opentelemetry/instrumentation@0.204.0
2025-11-04T00:00:42.2663546Z npm warn     node_modules/@opentelemetry/instrumentation
2025-11-04T00:00:42.2664280Z npm warn   101 more (@opentelemetry/context-async-hooks, ...)
2025-11-04T00:00:42.2665104Z npm warn
2025-11-04T00:00:42.2665538Z npm warn Could not resolve dependency:
2025-11-04T00:00:42.2666404Z npm warn peer @opentelemetry/api@">=1.0.0 <1.7.0" from @opentelemetry/core@1.17.0
2025-11-04T00:00:42.2667610Z npm warn node_modules/@opentelemetry/exporter-trace-otlp-grpc/node_modules/@opentelemetry/core
2025-11-04T00:00:42.2668800Z npm warn   @opentelemetry/core@"1.17.0" from @opentelemetry/exporter-trace-otlp-grpc@0.43.0
2025-11-04T00:00:42.2669754Z npm warn   node_modules/@opentelemetry/exporter-trace-otlp-grpc
2025-11-04T00:00:42.2670584Z npm warn   7 more (@opentelemetry/otlp-exporter-base, ...)
2025-11-04T00:00:42.2671088Z npm warn
2025-11-04T00:00:42.2671679Z npm warn Conflicting peer dependency: @opentelemetry/api@1.6.0
2025-11-04T00:00:42.2672396Z npm warn node_modules/@opentelemetry/api
2025-11-04T00:00:42.2673121Z npm warn   peer @opentelemetry/api@">=1.0.0 <1.7.0" from @opentelemetry/core@1.17.0
2025-11-04T00:00:42.2674147Z npm warn   node_modules/@opentelemetry/exporter-trace-otlp-grpc/node_modules/@opentelemetry/core
2025-11-04T00:00:42.2675589Z npm warn     @opentelemetry/core@"1.17.0" from @opentelemetry/exporter-trace-otlp-grpc@0.43.0
2025-11-04T00:00:42.2676584Z npm warn     node_modules/@opentelemetry/exporter-trace-otlp-grpc
2025-11-04T00:00:42.2677396Z npm warn     7 more (@opentelemetry/otlp-exporter-base, ...)
2025-11-04T00:00:42.2830791Z npm warn ERESOLVE overriding peer dependency
2025-11-04T00:00:42.2831804Z npm warn While resolving: @opentelemetry/otlp-transformer@0.43.0
2025-11-04T00:00:42.2833073Z npm warn Found: @opentelemetry/api@1.9.0
2025-11-04T00:00:42.2834025Z npm warn node_modules/@opentelemetry/api
2025-11-04T00:00:42.2835122Z npm warn   @opentelemetry/api@"^1.3.0" from @opentelemetry/api-logs@0.204.0
2025-11-04T00:00:42.2835960Z npm warn   node_modules/@opentelemetry/api-logs
2025-11-04T00:00:42.2836933Z npm warn     @opentelemetry/api-logs@"0.204.0" from @opentelemetry/instrumentation@0.204.0
2025-11-04T00:00:42.2837802Z npm warn     node_modules/@opentelemetry/instrumentation
2025-11-04T00:00:42.2838585Z npm warn   101 more (@opentelemetry/context-async-hooks, ...)
2025-11-04T00:00:42.2839145Z npm warn
2025-11-04T00:00:42.2839583Z npm warn Could not resolve dependency:
2025-11-04T00:00:42.2840463Z npm warn peer @opentelemetry/api@">=1.3.0 <1.7.0" from @opentelemetry/otlp-transformer@0.43.0
2025-11-04T00:00:42.2841545Z npm warn node_modules/@opentelemetry/exporter-trace-otlp-grpc/node_modules/@opentelemetry/otlp-transformer
2025-11-04T00:00:42.2842384Z npm warn   @opentelemetry/otlp-transformer@"0.43.0" from @opentelemetry/exporter-trace-otlp-grpc@0.43.0
2025-11-04T00:00:42.2843002Z npm warn   node_modules/@opentelemetry/exporter-trace-otlp-grpc
2025-11-04T00:00:42.2843314Z npm warn
2025-11-04T00:00:42.2843633Z npm warn Conflicting peer dependency: @opentelemetry/api@1.6.0
2025-11-04T00:00:42.2843992Z npm warn node_modules/@opentelemetry/api
2025-11-04T00:00:42.2844472Z npm warn   peer @opentelemetry/api@">=1.3.0 <1.7.0" from @opentelemetry/otlp-transformer@0.43.0
2025-11-04T00:00:42.2845378Z npm warn   node_modules/@opentelemetry/exporter-trace-otlp-grpc/node_modules/@opentelemetry/otlp-transformer
2025-11-04T00:00:42.2846130Z npm warn     @opentelemetry/otlp-transformer@"0.43.0" from @opentelemetry/exporter-trace-otlp-grpc@0.43.0
2025-11-04T00:00:42.2846696Z npm warn     node_modules/@opentelemetry/exporter-trace-otlp-grpc
2025-11-04T00:00:42.2987091Z npm warn ERESOLVE overriding peer dependency
2025-11-04T00:00:42.2987766Z npm warn While resolving: @opentelemetry/resources@1.17.0
2025-11-04T00:00:42.2988246Z npm warn Found: @opentelemetry/api@1.9.0
2025-11-04T00:00:42.2988651Z npm warn node_modules/@opentelemetry/api
2025-11-04T00:00:42.2989176Z npm warn   @opentelemetry/api@"^1.3.0" from @opentelemetry/api-logs@0.204.0
2025-11-04T00:00:42.2989699Z npm warn   node_modules/@opentelemetry/api-logs
2025-11-04T00:00:42.2990304Z npm warn     @opentelemetry/api-logs@"0.204.0" from @opentelemetry/instrumentation@0.204.0
2025-11-04T00:00:42.2990889Z npm warn     node_modules/@opentelemetry/instrumentation
2025-11-04T00:00:42.2991382Z npm warn   101 more (@opentelemetry/context-async-hooks, ...)
2025-11-04T00:00:42.2991728Z npm warn
2025-11-04T00:00:42.2992033Z npm warn Could not resolve dependency:
2025-11-04T00:00:42.2992623Z npm warn peer @opentelemetry/api@">=1.0.0 <1.7.0" from @opentelemetry/resources@1.17.0
2025-11-04T00:00:42.2993363Z npm warn node_modules/@opentelemetry/exporter-trace-otlp-grpc/node_modules/@opentelemetry/resources
2025-11-04T00:00:42.2994118Z npm warn   @opentelemetry/resources@"1.17.0" from @opentelemetry/exporter-trace-otlp-grpc@0.43.0
2025-11-04T00:00:42.2994885Z npm warn   node_modules/@opentelemetry/exporter-trace-otlp-grpc
2025-11-04T00:00:42.2995342Z npm warn   4 more (@opentelemetry/otlp-transformer, ...)
2025-11-04T00:00:42.2995635Z npm warn
2025-11-04T00:00:42.2995962Z npm warn Conflicting peer dependency: @opentelemetry/api@1.6.0
2025-11-04T00:00:42.2996371Z npm warn node_modules/@opentelemetry/api
2025-11-04T00:00:42.2996870Z npm warn   peer @opentelemetry/api@">=1.0.0 <1.7.0" from @opentelemetry/resources@1.17.0
2025-11-04T00:00:42.2997616Z npm warn   node_modules/@opentelemetry/exporter-trace-otlp-grpc/node_modules/@opentelemetry/resources
2025-11-04T00:00:42.2998391Z npm warn     @opentelemetry/resources@"1.17.0" from @opentelemetry/exporter-trace-otlp-grpc@0.43.0
2025-11-04T00:00:42.2998982Z npm warn     node_modules/@opentelemetry/exporter-trace-otlp-grpc
2025-11-04T00:00:42.2999436Z npm warn     4 more (@opentelemetry/otlp-transformer, ...)
2025-11-04T00:00:42.3141711Z npm warn ERESOLVE overriding peer dependency
2025-11-04T00:00:42.3142593Z npm warn While resolving: @opentelemetry/sdk-trace-base@1.17.0
2025-11-04T00:00:42.3143101Z npm warn Found: @opentelemetry/api@1.9.0
2025-11-04T00:00:42.3143489Z npm warn node_modules/@opentelemetry/api
2025-11-04T00:00:42.3144021Z npm warn   @opentelemetry/api@"^1.3.0" from @opentelemetry/api-logs@0.204.0
2025-11-04T00:00:42.3144962Z npm warn   node_modules/@opentelemetry/api-logs
2025-11-04T00:00:42.3146033Z npm warn     @opentelemetry/api-logs@"0.204.0" from @opentelemetry/instrumentation@0.204.0
2025-11-04T00:00:42.3147105Z npm warn     node_modules/@opentelemetry/instrumentation
2025-11-04T00:00:42.3148005Z npm warn   101 more (@opentelemetry/context-async-hooks, ...)
2025-11-04T00:00:42.3148641Z npm warn
2025-11-04T00:00:42.3149126Z npm warn Could not resolve dependency:
2025-11-04T00:00:42.3150217Z npm warn peer @opentelemetry/api@">=1.0.0 <1.7.0" from @opentelemetry/sdk-trace-base@1.17.0
2025-11-04T00:00:42.3151827Z npm warn node_modules/@opentelemetry/exporter-trace-otlp-grpc/node_modules/@opentelemetry/sdk-trace-base
2025-11-04T00:00:42.3153561Z npm warn   @opentelemetry/sdk-trace-base@"1.17.0" from @opentelemetry/exporter-trace-otlp-grpc@0.43.0
2025-11-04T00:00:42.3154978Z npm warn   node_modules/@opentelemetry/exporter-trace-otlp-grpc
2025-11-04T00:00:42.3155828Z npm warn   1 more (@opentelemetry/otlp-transformer)
2025-11-04T00:00:42.3156398Z npm warn
2025-11-04T00:00:42.3157027Z npm warn Conflicting peer dependency: @opentelemetry/api@1.6.0
2025-11-04T00:00:42.3157772Z npm warn node_modules/@opentelemetry/api
2025-11-04T00:00:42.3158790Z npm warn   peer @opentelemetry/api@">=1.0.0 <1.7.0" from @opentelemetry/sdk-trace-base@1.17.0
2025-11-04T00:00:42.3160295Z npm warn   node_modules/@opentelemetry/exporter-trace-otlp-grpc/node_modules/@opentelemetry/sdk-trace-base
2025-11-04T00:00:42.3161949Z npm warn     @opentelemetry/sdk-trace-base@"1.17.0" from @opentelemetry/exporter-trace-otlp-grpc@0.43.0
2025-11-04T00:00:42.3163208Z npm warn     node_modules/@opentelemetry/exporter-trace-otlp-grpc
2025-11-04T00:00:42.3164146Z npm warn     1 more (@opentelemetry/otlp-transformer)
2025-11-04T00:00:42.3903158Z npm warn ERESOLVE overriding peer dependency
2025-11-04T00:00:42.3903641Z npm warn While resolving: @opentelemetry/core@1.15.2
2025-11-04T00:00:42.3904030Z npm warn Found: @opentelemetry/api@1.9.0
2025-11-04T00:00:42.3904404Z npm warn node_modules/@opentelemetry/api
2025-11-04T00:00:42.3905271Z npm warn   @opentelemetry/api@"^1.3.0" from @opentelemetry/api-logs@0.204.0
2025-11-04T00:00:42.3905810Z npm warn   node_modules/@opentelemetry/api-logs
2025-11-04T00:00:42.3906427Z npm warn     @opentelemetry/api-logs@"0.204.0" from @opentelemetry/instrumentation@0.204.0
2025-11-04T00:00:42.3907029Z npm warn     node_modules/@opentelemetry/instrumentation
2025-11-04T00:00:42.3907520Z npm warn   101 more (@opentelemetry/context-async-hooks, ...)
2025-11-04T00:00:42.3907879Z npm warn
2025-11-04T00:00:42.3908193Z npm warn Could not resolve dependency:
2025-11-04T00:00:42.3908754Z npm warn peer @opentelemetry/api@">=1.0.0 <1.5.0" from @opentelemetry/core@1.15.2
2025-11-04T00:00:42.3909554Z npm warn node_modules/@opentelemetry/exporter-trace-otlp-http/node_modules/@opentelemetry/core
2025-11-04T00:00:42.3910366Z npm warn   @opentelemetry/core@"1.15.2" from @opentelemetry/exporter-trace-otlp-http@0.41.2
2025-11-04T00:00:42.3911004Z npm warn   node_modules/@opentelemetry/exporter-trace-otlp-http
2025-11-04T00:00:42.3911520Z npm warn   5 more (@opentelemetry/otlp-transformer, ...)
2025-11-04T00:00:42.3911851Z npm warn
2025-11-04T00:00:42.3912235Z npm warn Conflicting peer dependency: @opentelemetry/api@1.4.1
2025-11-04T00:00:42.3912691Z npm warn node_modules/@opentelemetry/api
2025-11-04T00:00:42.3913251Z npm warn   peer @opentelemetry/api@">=1.0.0 <1.5.0" from @opentelemetry/core@1.15.2
2025-11-04T00:00:42.3914045Z npm warn   node_modules/@opentelemetry/exporter-trace-otlp-http/node_modules/@opentelemetry/core
2025-11-04T00:00:42.3915305Z npm warn     @opentelemetry/core@"1.15.2" from @opentelemetry/exporter-trace-otlp-http@0.41.2
2025-11-04T00:00:42.3915867Z npm warn     node_modules/@opentelemetry/exporter-trace-otlp-http
2025-11-04T00:00:42.3916321Z npm warn     5 more (@opentelemetry/otlp-transformer, ...)
2025-11-04T00:00:42.4655009Z npm warn ERESOLVE overriding peer dependency
2025-11-04T00:00:42.4655692Z npm warn While resolving: @opentelemetry/otlp-transformer@0.41.2
2025-11-04T00:00:42.4656411Z npm warn Found: @opentelemetry/api@1.9.0
2025-11-04T00:00:42.4657047Z npm warn node_modules/@opentelemetry/api
2025-11-04T00:00:42.4657972Z npm warn   @opentelemetry/api@"^1.3.0" from @opentelemetry/api-logs@0.204.0
2025-11-04T00:00:42.4658894Z npm warn   node_modules/@opentelemetry/api-logs
2025-11-04T00:00:42.4659958Z npm warn     @opentelemetry/api-logs@"0.204.0" from @opentelemetry/instrumentation@0.204.0
2025-11-04T00:00:42.4661119Z npm warn     node_modules/@opentelemetry/instrumentation
2025-11-04T00:00:42.4662108Z npm warn   101 more (@opentelemetry/context-async-hooks, ...)
2025-11-04T00:00:42.4662737Z npm warn
2025-11-04T00:00:42.4663283Z npm warn Could not resolve dependency:
2025-11-04T00:00:42.4664367Z npm warn peer @opentelemetry/api@">=1.3.0 <1.5.0" from @opentelemetry/otlp-transformer@0.41.2
2025-11-04T00:00:42.4665580Z npm warn node_modules/@opentelemetry/exporter-trace-otlp-http/node_modules/@opentelemetry/otlp-transformer
2025-11-04T00:00:42.4666451Z npm warn   @opentelemetry/otlp-transformer@"0.41.2" from @opentelemetry/exporter-trace-otlp-http@0.41.2
2025-11-04T00:00:42.4667072Z npm warn   node_modules/@opentelemetry/exporter-trace-otlp-http
2025-11-04T00:00:42.4667397Z npm warn
2025-11-04T00:00:42.4667722Z npm warn Conflicting peer dependency: @opentelemetry/api@1.4.1
2025-11-04T00:00:42.4668112Z npm warn node_modules/@opentelemetry/api
2025-11-04T00:00:42.4668625Z npm warn   peer @opentelemetry/api@">=1.3.0 <1.5.0" from @opentelemetry/otlp-transformer@0.41.2
2025-11-04T00:00:42.4669427Z npm warn   node_modules/@opentelemetry/exporter-trace-otlp-http/node_modules/@opentelemetry/otlp-transformer
2025-11-04T00:00:42.4670249Z npm warn     @opentelemetry/otlp-transformer@"0.41.2" from @opentelemetry/exporter-trace-otlp-http@0.41.2
2025-11-04T00:00:42.4670862Z npm warn     node_modules/@opentelemetry/exporter-trace-otlp-http
2025-11-04T00:00:42.5415147Z npm warn ERESOLVE overriding peer dependency
2025-11-04T00:00:42.5416081Z npm warn While resolving: @opentelemetry/resources@1.15.2
2025-11-04T00:00:42.5416611Z npm warn Found: @opentelemetry/api@1.9.0
2025-11-04T00:00:42.5417017Z npm warn node_modules/@opentelemetry/api
2025-11-04T00:00:42.5417537Z npm warn   @opentelemetry/api@"^1.3.0" from @opentelemetry/api-logs@0.204.0
2025-11-04T00:00:42.5417997Z npm warn   node_modules/@opentelemetry/api-logs
2025-11-04T00:00:42.5418535Z npm warn     @opentelemetry/api-logs@"0.204.0" from @opentelemetry/instrumentation@0.204.0
2025-11-04T00:00:42.5419068Z npm warn     node_modules/@opentelemetry/instrumentation
2025-11-04T00:00:42.5419547Z npm warn   101 more (@opentelemetry/context-async-hooks, ...)
2025-11-04T00:00:42.5419880Z npm warn
2025-11-04T00:00:42.5420126Z npm warn Could not resolve dependency:
2025-11-04T00:00:42.5420625Z npm warn peer @opentelemetry/api@">=1.0.0 <1.5.0" from @opentelemetry/resources@1.15.2
2025-11-04T00:00:42.5421370Z npm warn node_modules/@opentelemetry/exporter-trace-otlp-http/node_modules/@opentelemetry/resources
2025-11-04T00:00:42.5422132Z npm warn   @opentelemetry/resources@"1.15.2" from @opentelemetry/exporter-trace-otlp-http@0.41.2
2025-11-04T00:00:42.5422719Z npm warn   node_modules/@opentelemetry/exporter-trace-otlp-http
2025-11-04T00:00:42.5423171Z npm warn   4 more (@opentelemetry/otlp-transformer, ...)
2025-11-04T00:00:42.5423467Z npm warn
2025-11-04T00:00:42.5423798Z npm warn Conflicting peer dependency: @opentelemetry/api@1.4.1
2025-11-04T00:00:42.5424193Z npm warn node_modules/@opentelemetry/api
2025-11-04T00:00:42.5424823Z npm warn   peer @opentelemetry/api@">=1.0.0 <1.5.0" from @opentelemetry/resources@1.15.2
2025-11-04T00:00:42.5426300Z npm warn   node_modules/@opentelemetry/exporter-trace-otlp-http/node_modules/@opentelemetry/resources
2025-11-04T00:00:42.5427099Z npm warn     @opentelemetry/resources@"1.15.2" from @opentelemetry/exporter-trace-otlp-http@0.41.2
2025-11-04T00:00:42.5427687Z npm warn     node_modules/@opentelemetry/exporter-trace-otlp-http
2025-11-04T00:00:42.5428129Z npm warn     4 more (@opentelemetry/otlp-transformer, ...)
2025-11-04T00:00:42.6168995Z npm warn ERESOLVE overriding peer dependency
2025-11-04T00:00:42.6169517Z npm warn While resolving: @opentelemetry/sdk-trace-base@1.15.2
2025-11-04T00:00:42.6169927Z npm warn Found: @opentelemetry/api@1.9.0
2025-11-04T00:00:42.6170269Z npm warn node_modules/@opentelemetry/api
2025-11-04T00:00:42.6170720Z npm warn   @opentelemetry/api@"^1.3.0" from @opentelemetry/api-logs@0.204.0
2025-11-04T00:00:42.6171171Z npm warn   node_modules/@opentelemetry/api-logs
2025-11-04T00:00:42.6171695Z npm warn     @opentelemetry/api-logs@"0.204.0" from @opentelemetry/instrumentation@0.204.0
2025-11-04T00:00:42.6172241Z npm warn     node_modules/@opentelemetry/instrumentation
2025-11-04T00:00:42.6172669Z npm warn   101 more (@opentelemetry/context-async-hooks, ...)
2025-11-04T00:00:42.6172974Z npm warn
2025-11-04T00:00:42.6173202Z npm warn Could not resolve dependency:
2025-11-04T00:00:42.6173700Z npm warn peer @opentelemetry/api@">=1.0.0 <1.5.0" from @opentelemetry/sdk-trace-base@1.15.2
2025-11-04T00:00:42.6174445Z npm warn node_modules/@opentelemetry/exporter-trace-otlp-http/node_modules/@opentelemetry/sdk-trace-base
2025-11-04T00:00:42.6175569Z npm warn   @opentelemetry/sdk-trace-base@"1.15.2" from @opentelemetry/exporter-trace-otlp-http@0.41.2
2025-11-04T00:00:42.6176264Z npm warn   node_modules/@opentelemetry/exporter-trace-otlp-http
2025-11-04T00:00:42.6176753Z npm warn   1 more (@opentelemetry/otlp-transformer)
2025-11-04T00:00:42.6177077Z npm warn
2025-11-04T00:00:42.6177452Z npm warn Conflicting peer dependency: @opentelemetry/api@1.4.1
2025-11-04T00:00:42.6177900Z npm warn node_modules/@opentelemetry/api
2025-11-04T00:00:42.6178499Z npm warn   peer @opentelemetry/api@">=1.0.0 <1.5.0" from @opentelemetry/sdk-trace-base@1.15.2
2025-11-04T00:00:42.6179387Z npm warn   node_modules/@opentelemetry/exporter-trace-otlp-http/node_modules/@opentelemetry/sdk-trace-base
2025-11-04T00:00:42.6180299Z npm warn     @opentelemetry/sdk-trace-base@"1.15.2" from @opentelemetry/exporter-trace-otlp-http@0.41.2
2025-11-04T00:00:42.6180930Z npm warn     node_modules/@opentelemetry/exporter-trace-otlp-http
2025-11-04T00:00:42.6181342Z npm warn     1 more (@opentelemetry/otlp-transformer)
2025-11-04T00:00:42.6925111Z npm warn ERESOLVE overriding peer dependency
2025-11-04T00:00:42.6925719Z npm warn While resolving: @opentelemetry/core@1.15.2
2025-11-04T00:00:42.6926219Z npm warn Found: @opentelemetry/api@1.9.0
2025-11-04T00:00:42.6926654Z npm warn node_modules/@opentelemetry/api
2025-11-04T00:00:42.6927262Z npm warn   @opentelemetry/api@"^1.3.0" from @opentelemetry/api-logs@0.204.0
2025-11-04T00:00:42.6927911Z npm warn   node_modules/@opentelemetry/api-logs
2025-11-04T00:00:42.6928670Z npm warn     @opentelemetry/api-logs@"0.204.0" from @opentelemetry/instrumentation@0.204.0
2025-11-04T00:00:42.6929368Z npm warn     node_modules/@opentelemetry/instrumentation
2025-11-04T00:00:42.6929937Z npm warn   101 more (@opentelemetry/context-async-hooks, ...)
2025-11-04T00:00:42.6930282Z npm warn
2025-11-04T00:00:42.6930532Z npm warn Could not resolve dependency:
2025-11-04T00:00:42.6931047Z npm warn peer @opentelemetry/api@">=1.0.0 <1.5.0" from @opentelemetry/core@1.15.2
2025-11-04T00:00:42.6931792Z npm warn node_modules/@opentelemetry/exporter-trace-otlp-proto/node_modules/@opentelemetry/core
2025-11-04T00:00:42.6932558Z npm warn   @opentelemetry/core@"1.15.2" from @opentelemetry/exporter-trace-otlp-proto@0.41.2
2025-11-04T00:00:42.6933169Z npm warn   node_modules/@opentelemetry/exporter-trace-otlp-proto
2025-11-04T00:00:42.6933648Z npm warn   5 more (@opentelemetry/otlp-transformer, ...)
2025-11-04T00:00:42.6934232Z npm warn
2025-11-04T00:00:42.6934842Z npm warn Conflicting peer dependency: @opentelemetry/api@1.4.1
2025-11-04T00:00:42.6935290Z npm warn node_modules/@opentelemetry/api
2025-11-04T00:00:42.6935803Z npm warn   peer @opentelemetry/api@">=1.0.0 <1.5.0" from @opentelemetry/core@1.15.2
2025-11-04T00:00:42.6936557Z npm warn   node_modules/@opentelemetry/exporter-trace-otlp-proto/node_modules/@opentelemetry/core
2025-11-04T00:00:42.6937327Z npm warn     @opentelemetry/core@"1.15.2" from @opentelemetry/exporter-trace-otlp-proto@0.41.2
2025-11-04T00:00:42.6937940Z npm warn     node_modules/@opentelemetry/exporter-trace-otlp-proto
2025-11-04T00:00:42.6938436Z npm warn     5 more (@opentelemetry/otlp-transformer, ...)
2025-11-04T00:00:42.7688063Z npm warn ERESOLVE overriding peer dependency
2025-11-04T00:00:42.7688582Z npm warn While resolving: @opentelemetry/otlp-transformer@0.41.2
2025-11-04T00:00:42.7688995Z npm warn Found: @opentelemetry/api@1.9.0
2025-11-04T00:00:42.7689360Z npm warn node_modules/@opentelemetry/api
2025-11-04T00:00:42.7689827Z npm warn   @opentelemetry/api@"^1.3.0" from @opentelemetry/api-logs@0.204.0
2025-11-04T00:00:42.7690284Z npm warn   node_modules/@opentelemetry/api-logs
2025-11-04T00:00:42.7690839Z npm warn     @opentelemetry/api-logs@"0.204.0" from @opentelemetry/instrumentation@0.204.0
2025-11-04T00:00:42.7691369Z npm warn     node_modules/@opentelemetry/instrumentation
2025-11-04T00:00:42.7691807Z npm warn   101 more (@opentelemetry/context-async-hooks, ...)
2025-11-04T00:00:42.7692121Z npm warn
2025-11-04T00:00:42.7692355Z npm warn Could not resolve dependency:
2025-11-04T00:00:42.7692872Z npm warn peer @opentelemetry/api@">=1.3.0 <1.5.0" from @opentelemetry/otlp-transformer@0.41.2
2025-11-04T00:00:42.7693661Z npm warn node_modules/@opentelemetry/exporter-trace-otlp-proto/node_modules/@opentelemetry/otlp-transformer
2025-11-04T00:00:42.7694497Z npm warn   @opentelemetry/otlp-transformer@"0.41.2" from @opentelemetry/exporter-trace-otlp-proto@0.41.2
2025-11-04T00:00:42.7695554Z npm warn   node_modules/@opentelemetry/exporter-trace-otlp-proto
2025-11-04T00:00:42.7695896Z npm warn
2025-11-04T00:00:42.7696236Z npm warn Conflicting peer dependency: @opentelemetry/api@1.4.1
2025-11-04T00:00:42.7696639Z npm warn node_modules/@opentelemetry/api
2025-11-04T00:00:42.7697159Z npm warn   peer @opentelemetry/api@">=1.3.0 <1.5.0" from @opentelemetry/otlp-transformer@0.41.2
2025-11-04T00:00:42.7697944Z npm warn   node_modules/@opentelemetry/exporter-trace-otlp-proto/node_modules/@opentelemetry/otlp-transformer
2025-11-04T00:00:42.7698783Z npm warn     @opentelemetry/otlp-transformer@"0.41.2" from @opentelemetry/exporter-trace-otlp-proto@0.41.2
2025-11-04T00:00:42.7699402Z npm warn     node_modules/@opentelemetry/exporter-trace-otlp-proto
2025-11-04T00:00:42.8440216Z npm warn ERESOLVE overriding peer dependency
2025-11-04T00:00:42.8443664Z npm warn While resolving: @opentelemetry/resources@1.15.2
2025-11-04T00:00:42.8444348Z npm warn Found: @opentelemetry/api@1.9.0
2025-11-04T00:00:42.8446646Z npm warn node_modules/@opentelemetry/api
2025-11-04T00:00:42.8447399Z npm warn   @opentelemetry/api@"^1.3.0" from @opentelemetry/api-logs@0.204.0
2025-11-04T00:00:42.8448069Z npm warn   node_modules/@opentelemetry/api-logs
2025-11-04T00:00:42.8448967Z npm warn     @opentelemetry/api-logs@"0.204.0" from @opentelemetry/instrumentation@0.204.0
2025-11-04T00:00:42.8449851Z npm warn     node_modules/@opentelemetry/instrumentation
2025-11-04T00:00:42.8450606Z npm warn   101 more (@opentelemetry/context-async-hooks, ...)
2025-11-04T00:00:42.8451134Z npm warn
2025-11-04T00:00:42.8451544Z npm warn Could not resolve dependency:
2025-11-04T00:00:42.8452389Z npm warn peer @opentelemetry/api@">=1.0.0 <1.5.0" from @opentelemetry/resources@1.15.2
2025-11-04T00:00:42.8453630Z npm warn node_modules/@opentelemetry/exporter-trace-otlp-proto/node_modules/@opentelemetry/resources
2025-11-04T00:00:42.8455140Z npm warn   @opentelemetry/resources@"1.15.2" from @opentelemetry/exporter-trace-otlp-proto@0.41.2
2025-11-04T00:00:42.8456589Z npm warn   node_modules/@opentelemetry/exporter-trace-otlp-proto
2025-11-04T00:00:42.8457610Z npm warn   4 more (@opentelemetry/otlp-transformer, ...)
2025-11-04T00:00:42.8458112Z npm warn
2025-11-04T00:00:42.8458759Z npm warn Conflicting peer dependency: @opentelemetry/api@1.4.1
2025-11-04T00:00:42.8459436Z npm warn node_modules/@opentelemetry/api
2025-11-04T00:00:42.8460297Z npm warn   peer @opentelemetry/api@">=1.0.0 <1.5.0" from @opentelemetry/resources@1.15.2
2025-11-04T00:00:42.8461531Z npm warn   node_modules/@opentelemetry/exporter-trace-otlp-proto/node_modules/@opentelemetry/resources
2025-11-04T00:00:42.8462834Z npm warn     @opentelemetry/resources@"1.15.2" from @opentelemetry/exporter-trace-otlp-proto@0.41.2
2025-11-04T00:00:42.8463858Z npm warn     node_modules/@opentelemetry/exporter-trace-otlp-proto
2025-11-04T00:00:42.8464576Z npm warn     4 more (@opentelemetry/otlp-transformer, ...)
2025-11-04T00:00:42.9210080Z npm warn ERESOLVE overriding peer dependency
2025-11-04T00:00:42.9211050Z npm warn While resolving: @opentelemetry/sdk-trace-base@1.15.2
2025-11-04T00:00:42.9211883Z npm warn Found: @opentelemetry/api@1.9.0
2025-11-04T00:00:42.9212549Z npm warn node_modules/@opentelemetry/api
2025-11-04T00:00:42.9213475Z npm warn   @opentelemetry/api@"^1.3.0" from @opentelemetry/api-logs@0.204.0
2025-11-04T00:00:42.9214371Z npm warn   node_modules/@opentelemetry/api-logs
2025-11-04T00:00:42.9215557Z npm warn     @opentelemetry/api-logs@"0.204.0" from @opentelemetry/instrumentation@0.204.0
2025-11-04T00:00:42.9216317Z npm warn     node_modules/@opentelemetry/instrumentation
2025-11-04T00:00:42.9216752Z npm warn   101 more (@opentelemetry/context-async-hooks, ...)
2025-11-04T00:00:42.9217059Z npm warn
2025-11-04T00:00:42.9217306Z npm warn Could not resolve dependency:
2025-11-04T00:00:42.9217812Z npm warn peer @opentelemetry/api@">=1.0.0 <1.5.0" from @opentelemetry/sdk-trace-base@1.15.2
2025-11-04T00:00:42.9218566Z npm warn node_modules/@opentelemetry/exporter-trace-otlp-proto/node_modules/@opentelemetry/sdk-trace-base
2025-11-04T00:00:42.9219379Z npm warn   @opentelemetry/sdk-trace-base@"1.15.2" from @opentelemetry/exporter-trace-otlp-proto@0.41.2
2025-11-04T00:00:42.9219979Z npm warn   node_modules/@opentelemetry/exporter-trace-otlp-proto
2025-11-04T00:00:42.9220432Z npm warn   1 more (@opentelemetry/otlp-transformer)
2025-11-04T00:00:42.9220709Z npm warn
2025-11-04T00:00:42.9221045Z npm warn Conflicting peer dependency: @opentelemetry/api@1.4.1
2025-11-04T00:00:42.9221443Z npm warn node_modules/@opentelemetry/api
2025-11-04T00:00:42.9221949Z npm warn   peer @opentelemetry/api@">=1.0.0 <1.5.0" from @opentelemetry/sdk-trace-base@1.15.2
2025-11-04T00:00:42.9222708Z npm warn   node_modules/@opentelemetry/exporter-trace-otlp-proto/node_modules/@opentelemetry/sdk-trace-base
2025-11-04T00:00:42.9223507Z npm warn     @opentelemetry/sdk-trace-base@"1.15.2" from @opentelemetry/exporter-trace-otlp-proto@0.41.2
2025-11-04T00:00:42.9224104Z npm warn     node_modules/@opentelemetry/exporter-trace-otlp-proto
2025-11-04T00:00:42.9224589Z npm warn     1 more (@opentelemetry/otlp-transformer)
2025-11-04T00:00:42.9966231Z npm warn ERESOLVE overriding peer dependency
2025-11-04T00:00:42.9967096Z npm warn While resolving: @opentelemetry/core@1.15.2
2025-11-04T00:00:42.9967844Z npm warn Found: @opentelemetry/api@1.9.0
2025-11-04T00:00:42.9968494Z npm warn node_modules/@opentelemetry/api
2025-11-04T00:00:42.9969146Z npm warn   @opentelemetry/api@"^1.3.0" from @opentelemetry/api-logs@0.204.0
2025-11-04T00:00:42.9969705Z npm warn   node_modules/@opentelemetry/api-logs
2025-11-04T00:00:42.9970343Z npm warn     @opentelemetry/api-logs@"0.204.0" from @opentelemetry/instrumentation@0.204.0
2025-11-04T00:00:42.9970951Z npm warn     node_modules/@opentelemetry/instrumentation
2025-11-04T00:00:42.9971472Z npm warn   101 more (@opentelemetry/context-async-hooks, ...)
2025-11-04T00:00:42.9971846Z npm warn
2025-11-04T00:00:42.9972130Z npm warn Could not resolve dependency:
2025-11-04T00:00:42.9973024Z npm warn peer @opentelemetry/api@">=1.0.0 <1.5.0" from @opentelemetry/core@1.15.2
2025-11-04T00:00:42.9973905Z npm warn node_modules/@opentelemetry/otlp-exporter-base/node_modules/@opentelemetry/core
2025-11-04T00:00:42.9974896Z npm warn   @opentelemetry/core@"1.15.2" from @opentelemetry/otlp-exporter-base@0.41.2
2025-11-04T00:00:42.9975594Z npm warn   node_modules/@opentelemetry/otlp-exporter-base
2025-11-04T00:00:42.9975884Z npm warn
2025-11-04T00:00:42.9976207Z npm warn Conflicting peer dependency: @opentelemetry/api@1.4.1
2025-11-04T00:00:42.9976592Z npm warn node_modules/@opentelemetry/api
2025-11-04T00:00:42.9977052Z npm warn   peer @opentelemetry/api@">=1.0.0 <1.5.0" from @opentelemetry/core@1.15.2
2025-11-04T00:00:42.9977676Z npm warn   node_modules/@opentelemetry/otlp-exporter-base/node_modules/@opentelemetry/core
2025-11-04T00:00:42.9978292Z npm warn     @opentelemetry/core@"1.15.2" from @opentelemetry/otlp-exporter-base@0.41.2
2025-11-04T00:00:42.9978787Z npm warn     node_modules/@opentelemetry/otlp-exporter-base
2025-11-04T00:00:43.0849073Z npm warn ERESOLVE overriding peer dependency
2025-11-04T00:00:43.0849883Z npm warn While resolving: @opentelemetry/core@1.15.2
2025-11-04T00:00:43.0850503Z npm warn Found: @opentelemetry/api@1.9.0
2025-11-04T00:00:43.0851071Z npm warn node_modules/@opentelemetry/api
2025-11-04T00:00:43.0851804Z npm warn   @opentelemetry/api@"^1.3.0" from @opentelemetry/api-logs@0.204.0
2025-11-04T00:00:43.0852559Z npm warn   node_modules/@opentelemetry/api-logs
2025-11-04T00:00:43.0853411Z npm warn     @opentelemetry/api-logs@"0.204.0" from @opentelemetry/instrumentation@0.204.0
2025-11-04T00:00:43.0854414Z npm warn     node_modules/@opentelemetry/instrumentation
2025-11-04T00:00:43.0855439Z npm warn   101 more (@opentelemetry/context-async-hooks, ...)
2025-11-04T00:00:43.0855891Z npm warn
2025-11-04T00:00:43.0856269Z npm warn Could not resolve dependency:
2025-11-04T00:00:43.0857004Z npm warn peer @opentelemetry/api@">=1.0.0 <1.5.0" from @opentelemetry/core@1.15.2
2025-11-04T00:00:43.0858182Z npm warn node_modules/@opentelemetry/otlp-grpc-exporter-base/node_modules/@opentelemetry/core
2025-11-04T00:00:43.0859421Z npm warn   @opentelemetry/core@"1.15.2" from @opentelemetry/otlp-grpc-exporter-base@0.41.2
2025-11-04T00:00:43.0860400Z npm warn   node_modules/@opentelemetry/otlp-grpc-exporter-base
2025-11-04T00:00:43.0860956Z npm warn
2025-11-04T00:00:43.0861526Z npm warn Conflicting peer dependency: @opentelemetry/api@1.4.1
2025-11-04T00:00:43.0862228Z npm warn node_modules/@opentelemetry/api
2025-11-04T00:00:43.0863067Z npm warn   peer @opentelemetry/api@">=1.0.0 <1.5.0" from @opentelemetry/core@1.15.2
2025-11-04T00:00:43.0864287Z npm warn   node_modules/@opentelemetry/otlp-grpc-exporter-base/node_modules/@opentelemetry/core
2025-11-04T00:00:43.0865732Z npm warn     @opentelemetry/core@"1.15.2" from @opentelemetry/otlp-grpc-exporter-base@0.41.2
2025-11-04T00:00:43.0866719Z npm warn     node_modules/@opentelemetry/otlp-grpc-exporter-base
2025-11-04T00:00:43.1612425Z npm warn ERESOLVE overriding peer dependency
2025-11-04T00:00:43.1613233Z npm warn While resolving: @opentelemetry/core@1.15.2
2025-11-04T00:00:43.1613966Z npm warn Found: @opentelemetry/api@1.9.0
2025-11-04T00:00:43.1614536Z npm warn node_modules/@opentelemetry/api
2025-11-04T00:00:43.1615692Z npm warn   @opentelemetry/api@"^1.3.0" from @opentelemetry/api-logs@0.204.0
2025-11-04T00:00:43.1616437Z npm warn   node_modules/@opentelemetry/api-logs
2025-11-04T00:00:43.1617276Z npm warn     @opentelemetry/api-logs@"0.204.0" from @opentelemetry/instrumentation@0.204.0
2025-11-04T00:00:43.1618150Z npm warn     node_modules/@opentelemetry/instrumentation
2025-11-04T00:00:43.1618856Z npm warn   101 more (@opentelemetry/context-async-hooks, ...)
2025-11-04T00:00:43.1619388Z npm warn
2025-11-04T00:00:43.1619781Z npm warn Could not resolve dependency:
2025-11-04T00:00:43.1620603Z npm warn peer @opentelemetry/api@">=1.0.0 <1.5.0" from @opentelemetry/core@1.15.2
2025-11-04T00:00:43.1621729Z npm warn node_modules/@opentelemetry/otlp-proto-exporter-base/node_modules/@opentelemetry/core
2025-11-04T00:00:43.1623478Z npm warn   @opentelemetry/core@"1.15.2" from @opentelemetry/otlp-proto-exporter-base@0.41.2
2025-11-04T00:00:43.1624418Z npm warn   node_modules/@opentelemetry/otlp-proto-exporter-base
2025-11-04T00:00:43.1625114Z npm warn
2025-11-04T00:00:43.1625699Z npm warn Conflicting peer dependency: @opentelemetry/api@1.4.1
2025-11-04T00:00:43.1626371Z npm warn node_modules/@opentelemetry/api
2025-11-04T00:00:43.1627204Z npm warn   peer @opentelemetry/api@">=1.0.0 <1.5.0" from @opentelemetry/core@1.15.2
2025-11-04T00:00:43.1628338Z npm warn   node_modules/@opentelemetry/otlp-proto-exporter-base/node_modules/@opentelemetry/core
2025-11-04T00:00:43.1629542Z npm warn     @opentelemetry/core@"1.15.2" from @opentelemetry/otlp-proto-exporter-base@0.41.2
2025-11-04T00:00:43.1630509Z npm warn     node_modules/@opentelemetry/otlp-proto-exporter-base
2025-11-04T00:00:43.5546756Z npm warn ERESOLVE overriding peer dependency
2025-11-04T00:00:43.5548090Z npm warn While resolving: vite@7.1.11
2025-11-04T00:00:43.5548600Z npm warn Found: @types/node@20.16.11
2025-11-04T00:00:43.5549107Z npm warn node_modules/@types/node
2025-11-04T00:00:43.5549705Z npm warn   dev @types/node@"20.16.11" from the root project
2025-11-04T00:00:43.5550513Z npm warn   43 more (@inquirer/checkbox, @inquirer/confirm, @inquirer/core, ...)
2025-11-04T00:00:43.5551081Z npm warn
2025-11-04T00:00:43.5551458Z npm warn Could not resolve dependency:
2025-11-04T00:00:43.5552524Z npm warn peerOptional @types/node@"^20.19.0 || >=22.12.0" from vite@7.1.11
2025-11-04T00:00:43.5553301Z npm warn node_modules/vitest/node_modules/vite
2025-11-04T00:00:43.5553903Z npm warn   vite@"^6.0.0 || ^7.0.0" from vitest@4.0.1
2025-11-04T00:00:43.5554431Z npm warn   node_modules/vitest
2025-11-04T00:00:43.5555082Z npm warn   1 more (@vitest/mocker)
2025-11-04T00:00:43.5555456Z npm warn
2025-11-04T00:00:43.5555963Z npm warn Conflicting peer dependency: @types/node@24.10.0
2025-11-04T00:00:43.5556554Z npm warn node_modules/@types/node
2025-11-04T00:00:43.5557260Z npm warn   peerOptional @types/node@"^20.19.0 || >=22.12.0" from vite@7.1.11
2025-11-04T00:00:43.5557977Z npm warn   node_modules/vitest/node_modules/vite
2025-11-04T00:00:43.5558579Z npm warn     vite@"^6.0.0 || ^7.0.0" from vitest@4.0.1
2025-11-04T00:00:43.5559043Z npm warn     node_modules/vitest
2025-11-04T00:00:43.5559323Z npm warn     1 more (@vitest/mocker)
2025-11-04T00:00:43.6278094Z npm warn ERESOLVE overriding peer dependency
2025-11-04T00:00:43.6279032Z npm warn While resolving: @opentelemetry/sdk-logs@0.41.2
2025-11-04T00:00:43.6280889Z npm warn Found: @opentelemetry/api@1.9.0
2025-11-04T00:00:43.6283862Z npm warn node_modules/@opentelemetry/api
2025-11-04T00:00:43.6284594Z npm warn   @opentelemetry/api@"^1.3.0" from @opentelemetry/api-logs@0.204.0
2025-11-04T00:00:43.6285711Z npm warn   node_modules/@opentelemetry/api-logs
2025-11-04T00:00:43.6286795Z npm warn     @opentelemetry/api-logs@"0.204.0" from @opentelemetry/instrumentation@0.204.0
2025-11-04T00:00:43.6287972Z npm warn     node_modules/@opentelemetry/instrumentation
2025-11-04T00:00:43.6288967Z npm warn   101 more (@opentelemetry/context-async-hooks, ...)
2025-11-04T00:00:43.6291027Z npm warn
2025-11-04T00:00:43.6291468Z npm warn Could not resolve dependency:
2025-11-04T00:00:43.6292325Z npm warn peer @opentelemetry/api@">=1.4.0 <1.5.0" from @opentelemetry/sdk-logs@0.41.2
2025-11-04T00:00:43.6293956Z npm warn node_modules/@opentelemetry/exporter-metrics-otlp-grpc/node_modules/@opentelemetry/otlp-transformer/node_modules/@opentelemetry/sdk-logs
2025-11-04T00:00:43.6295697Z npm warn   @opentelemetry/sdk-logs@"0.41.2" from @opentelemetry/otlp-transformer@0.41.2
2025-11-04T00:00:43.6297056Z npm warn   node_modules/@opentelemetry/exporter-metrics-otlp-grpc/node_modules/@opentelemetry/otlp-transformer
2025-11-04T00:00:43.6297917Z npm warn
2025-11-04T00:00:43.6298504Z npm warn Conflicting peer dependency: @opentelemetry/api@1.4.1
2025-11-04T00:00:43.6299222Z npm warn node_modules/@opentelemetry/api
2025-11-04T00:00:43.6300477Z npm warn   peer @opentelemetry/api@">=1.4.0 <1.5.0" from @opentelemetry/sdk-logs@0.41.2
2025-11-04T00:00:43.6302342Z npm warn   node_modules/@opentelemetry/exporter-metrics-otlp-grpc/node_modules/@opentelemetry/otlp-transformer/node_modules/@opentelemetry/sdk-logs
2025-11-04T00:00:43.6303897Z npm warn     @opentelemetry/sdk-logs@"0.41.2" from @opentelemetry/otlp-transformer@0.41.2
2025-11-04T00:00:43.6305448Z npm warn     node_modules/@opentelemetry/exporter-metrics-otlp-grpc/node_modules/@opentelemetry/otlp-transformer
2025-11-04T00:00:43.7006177Z npm warn ERESOLVE overriding peer dependency
2025-11-04T00:00:43.7007123Z npm warn While resolving: @opentelemetry/sdk-trace-base@1.15.2
2025-11-04T00:00:43.7007898Z npm warn Found: @opentelemetry/api@1.9.0
2025-11-04T00:00:43.7008552Z npm warn node_modules/@opentelemetry/api
2025-11-04T00:00:43.7009282Z npm warn   @opentelemetry/api@"^1.3.0" from @opentelemetry/api-logs@0.204.0
2025-11-04T00:00:43.7009945Z npm warn   node_modules/@opentelemetry/api-logs
2025-11-04T00:00:43.7010603Z npm warn     @opentelemetry/api-logs@"0.204.0" from @opentelemetry/instrumentation@0.204.0
2025-11-04T00:00:43.7011165Z npm warn     node_modules/@opentelemetry/instrumentation
2025-11-04T00:00:43.7011606Z npm warn   101 more (@opentelemetry/context-async-hooks, ...)
2025-11-04T00:00:43.7011913Z npm warn
2025-11-04T00:00:43.7012164Z npm warn Could not resolve dependency:
2025-11-04T00:00:43.7012674Z npm warn peer @opentelemetry/api@">=1.0.0 <1.5.0" from @opentelemetry/sdk-trace-base@1.15.2
2025-11-04T00:00:43.7013661Z npm warn node_modules/@opentelemetry/exporter-metrics-otlp-grpc/node_modules/@opentelemetry/otlp-transformer/node_modules/@opentelemetry/sdk-trace-base
2025-11-04T00:00:43.7014597Z npm warn   @opentelemetry/sdk-trace-base@"1.15.2" from @opentelemetry/otlp-transformer@0.41.2
2025-11-04T00:00:43.7015743Z npm warn   node_modules/@opentelemetry/exporter-metrics-otlp-grpc/node_modules/@opentelemetry/otlp-transformer
2025-11-04T00:00:43.7016234Z npm warn
2025-11-04T00:00:43.7016567Z npm warn Conflicting peer dependency: @opentelemetry/api@1.4.1
2025-11-04T00:00:43.7016961Z npm warn node_modules/@opentelemetry/api
2025-11-04T00:00:43.7017469Z npm warn   peer @opentelemetry/api@">=1.0.0 <1.5.0" from @opentelemetry/sdk-trace-base@1.15.2
2025-11-04T00:00:43.7018449Z npm warn   node_modules/@opentelemetry/exporter-metrics-otlp-grpc/node_modules/@opentelemetry/otlp-transformer/node_modules/@opentelemetry/sdk-trace-base
2025-11-04T00:00:43.7019381Z npm warn     @opentelemetry/sdk-trace-base@"1.15.2" from @opentelemetry/otlp-transformer@0.41.2
2025-11-04T00:00:43.7020168Z npm warn     node_modules/@opentelemetry/exporter-metrics-otlp-grpc/node_modules/@opentelemetry/otlp-transformer
2025-11-04T00:00:43.7718912Z npm warn ERESOLVE overriding peer dependency
2025-11-04T00:00:43.7719738Z npm warn While resolving: @opentelemetry/sdk-logs@0.41.2
2025-11-04T00:00:43.7720419Z npm warn Found: @opentelemetry/api@1.9.0
2025-11-04T00:00:43.7721008Z npm warn node_modules/@opentelemetry/api
2025-11-04T00:00:43.7721850Z npm warn   @opentelemetry/api@"^1.3.0" from @opentelemetry/api-logs@0.204.0
2025-11-04T00:00:43.7722661Z npm warn   node_modules/@opentelemetry/api-logs
2025-11-04T00:00:43.7723574Z npm warn     @opentelemetry/api-logs@"0.204.0" from @opentelemetry/instrumentation@0.204.0
2025-11-04T00:00:43.7724481Z npm warn     node_modules/@opentelemetry/instrumentation
2025-11-04T00:00:43.7725455Z npm warn   101 more (@opentelemetry/context-async-hooks, ...)
2025-11-04T00:00:43.7725985Z npm warn
2025-11-04T00:00:43.7726389Z npm warn Could not resolve dependency:
2025-11-04T00:00:43.7743795Z npm warn peer @opentelemetry/api@">=1.4.0 <1.5.0" from @opentelemetry/sdk-logs@0.41.2
2025-11-04T00:00:43.7745746Z npm warn node_modules/@opentelemetry/exporter-metrics-otlp-http/node_modules/@opentelemetry/otlp-transformer/node_modules/@opentelemetry/sdk-logs
2025-11-04T00:00:43.7747284Z npm warn   @opentelemetry/sdk-logs@"0.41.2" from @opentelemetry/otlp-transformer@0.41.2
2025-11-04T00:00:43.7749001Z npm warn   node_modules/@opentelemetry/exporter-metrics-otlp-http/node_modules/@opentelemetry/otlp-transformer
2025-11-04T00:00:43.7749692Z npm warn
2025-11-04T00:00:43.7750053Z npm warn Conflicting peer dependency: @opentelemetry/api@1.4.1
2025-11-04T00:00:43.7750449Z npm warn node_modules/@opentelemetry/api
2025-11-04T00:00:43.7750944Z npm warn   peer @opentelemetry/api@">=1.4.0 <1.5.0" from @opentelemetry/sdk-logs@0.41.2
2025-11-04T00:00:43.7751841Z npm warn   node_modules/@opentelemetry/exporter-metrics-otlp-http/node_modules/@opentelemetry/otlp-transformer/node_modules/@opentelemetry/sdk-logs
2025-11-04T00:00:43.7752679Z npm warn     @opentelemetry/sdk-logs@"0.41.2" from @opentelemetry/otlp-transformer@0.41.2
2025-11-04T00:00:43.7753404Z npm warn     node_modules/@opentelemetry/exporter-metrics-otlp-http/node_modules/@opentelemetry/otlp-transformer
2025-11-04T00:00:43.8436665Z npm warn ERESOLVE overriding peer dependency
2025-11-04T00:00:43.8437364Z npm warn While resolving: @opentelemetry/sdk-trace-base@1.15.2
2025-11-04T00:00:43.8437815Z npm warn Found: @opentelemetry/api@1.9.0
2025-11-04T00:00:43.8438172Z npm warn node_modules/@opentelemetry/api
2025-11-04T00:00:43.8438634Z npm warn   @opentelemetry/api@"^1.3.0" from @opentelemetry/api-logs@0.204.0
2025-11-04T00:00:43.8439087Z npm warn   node_modules/@opentelemetry/api-logs
2025-11-04T00:00:43.8439613Z npm warn     @opentelemetry/api-logs@"0.204.0" from @opentelemetry/instrumentation@0.204.0
2025-11-04T00:00:43.8440137Z npm warn     node_modules/@opentelemetry/instrumentation
2025-11-04T00:00:43.8440569Z npm warn   101 more (@opentelemetry/context-async-hooks, ...)
2025-11-04T00:00:43.8440872Z npm warn
2025-11-04T00:00:43.8441112Z npm warn Could not resolve dependency:
2025-11-04T00:00:43.8441608Z npm warn peer @opentelemetry/api@">=1.0.0 <1.5.0" from @opentelemetry/sdk-trace-base@1.15.2
2025-11-04T00:00:43.8442603Z npm warn node_modules/@opentelemetry/exporter-metrics-otlp-http/node_modules/@opentelemetry/otlp-transformer/node_modules/@opentelemetry/sdk-trace-base
2025-11-04T00:00:43.8443543Z npm warn   @opentelemetry/sdk-trace-base@"1.15.2" from @opentelemetry/otlp-transformer@0.41.2
2025-11-04T00:00:43.8444374Z npm warn   node_modules/@opentelemetry/exporter-metrics-otlp-http/node_modules/@opentelemetry/otlp-transformer
2025-11-04T00:00:43.8445192Z npm warn
2025-11-04T00:00:43.8445536Z npm warn Conflicting peer dependency: @opentelemetry/api@1.4.1
2025-11-04T00:00:43.8445941Z npm warn node_modules/@opentelemetry/api
2025-11-04T00:00:43.8446467Z npm warn   peer @opentelemetry/api@">=1.0.0 <1.5.0" from @opentelemetry/sdk-trace-base@1.15.2
2025-11-04T00:00:43.8447464Z npm warn   node_modules/@opentelemetry/exporter-metrics-otlp-http/node_modules/@opentelemetry/otlp-transformer/node_modules/@opentelemetry/sdk-trace-base
2025-11-04T00:00:43.8448396Z npm warn     @opentelemetry/sdk-trace-base@"1.15.2" from @opentelemetry/otlp-transformer@0.41.2
2025-11-04T00:00:43.8449196Z npm warn     node_modules/@opentelemetry/exporter-metrics-otlp-http/node_modules/@opentelemetry/otlp-transformer
2025-11-04T00:00:43.9149509Z npm warn ERESOLVE overriding peer dependency
2025-11-04T00:00:43.9150449Z npm warn While resolving: @opentelemetry/sdk-logs@0.41.2
2025-11-04T00:00:43.9151235Z npm warn Found: @opentelemetry/api@1.9.0
2025-11-04T00:00:43.9151904Z npm warn node_modules/@opentelemetry/api
2025-11-04T00:00:43.9152924Z npm warn   @opentelemetry/api@"^1.3.0" from @opentelemetry/api-logs@0.204.0
2025-11-04T00:00:43.9153758Z npm warn   node_modules/@opentelemetry/api-logs
2025-11-04T00:00:43.9155014Z npm warn     @opentelemetry/api-logs@"0.204.0" from @opentelemetry/instrumentation@0.204.0
2025-11-04T00:00:43.9155929Z npm warn     node_modules/@opentelemetry/instrumentation
2025-11-04T00:00:43.9156687Z npm warn   101 more (@opentelemetry/context-async-hooks, ...)
2025-11-04T00:00:43.9157247Z npm warn
2025-11-04T00:00:43.9157670Z npm warn Could not resolve dependency:
2025-11-04T00:00:43.9158551Z npm warn peer @opentelemetry/api@">=1.4.0 <1.5.0" from @opentelemetry/sdk-logs@0.41.2
2025-11-04T00:00:43.9160426Z npm warn node_modules/@opentelemetry/exporter-metrics-otlp-proto/node_modules/@opentelemetry/otlp-transformer/node_modules/@opentelemetry/sdk-logs
2025-11-04T00:00:43.9161329Z npm warn   @opentelemetry/sdk-logs@"0.41.2" from @opentelemetry/otlp-transformer@0.41.2
2025-11-04T00:00:43.9162117Z npm warn   node_modules/@opentelemetry/exporter-metrics-otlp-proto/node_modules/@opentelemetry/otlp-transformer
2025-11-04T00:00:43.9162633Z npm warn
2025-11-04T00:00:43.9162989Z npm warn Conflicting peer dependency: @opentelemetry/api@1.4.1
2025-11-04T00:00:43.9163397Z npm warn node_modules/@opentelemetry/api
2025-11-04T00:00:43.9163874Z npm warn   peer @opentelemetry/api@">=1.4.0 <1.5.0" from @opentelemetry/sdk-logs@0.41.2
2025-11-04T00:00:43.9165004Z npm warn   node_modules/@opentelemetry/exporter-metrics-otlp-proto/node_modules/@opentelemetry/otlp-transformer/node_modules/@opentelemetry/sdk-logs
2025-11-04T00:00:43.9165853Z npm warn     @opentelemetry/sdk-logs@"0.41.2" from @opentelemetry/otlp-transformer@0.41.2
2025-11-04T00:00:43.9166597Z npm warn     node_modules/@opentelemetry/exporter-metrics-otlp-proto/node_modules/@opentelemetry/otlp-transformer
2025-11-04T00:00:43.9857916Z npm warn ERESOLVE overriding peer dependency
2025-11-04T00:00:43.9858728Z npm warn While resolving: @opentelemetry/sdk-trace-base@1.15.2
2025-11-04T00:00:43.9859223Z npm warn Found: @opentelemetry/api@1.9.0
2025-11-04T00:00:43.9859618Z npm warn node_modules/@opentelemetry/api
2025-11-04T00:00:43.9860166Z npm warn   @opentelemetry/api@"^1.3.0" from @opentelemetry/api-logs@0.204.0
2025-11-04T00:00:43.9860700Z npm warn   node_modules/@opentelemetry/api-logs
2025-11-04T00:00:43.9861323Z npm warn     @opentelemetry/api-logs@"0.204.0" from @opentelemetry/instrumentation@0.204.0
2025-11-04T00:00:43.9861941Z npm warn     node_modules/@opentelemetry/instrumentation
2025-11-04T00:00:43.9862449Z npm warn   101 more (@opentelemetry/context-async-hooks, ...)
2025-11-04T00:00:43.9862815Z npm warn
2025-11-04T00:00:43.9863113Z npm warn Could not resolve dependency:
2025-11-04T00:00:43.9863716Z npm warn peer @opentelemetry/api@">=1.0.0 <1.5.0" from @opentelemetry/sdk-trace-base@1.15.2
2025-11-04T00:00:43.9865103Z npm warn node_modules/@opentelemetry/exporter-metrics-otlp-proto/node_modules/@opentelemetry/otlp-transformer/node_modules/@opentelemetry/sdk-trace-base
2025-11-04T00:00:43.9866022Z npm warn   @opentelemetry/sdk-trace-base@"1.15.2" from @opentelemetry/otlp-transformer@0.41.2
2025-11-04T00:00:43.9866804Z npm warn   node_modules/@opentelemetry/exporter-metrics-otlp-proto/node_modules/@opentelemetry/otlp-transformer
2025-11-04T00:00:43.9867285Z npm warn
2025-11-04T00:00:43.9867600Z npm warn Conflicting peer dependency: @opentelemetry/api@1.4.1
2025-11-04T00:00:43.9867984Z npm warn node_modules/@opentelemetry/api
2025-11-04T00:00:43.9868477Z npm warn   peer @opentelemetry/api@">=1.0.0 <1.5.0" from @opentelemetry/sdk-trace-base@1.15.2
2025-11-04T00:00:43.9869423Z npm warn   node_modules/@opentelemetry/exporter-metrics-otlp-proto/node_modules/@opentelemetry/otlp-transformer/node_modules/@opentelemetry/sdk-trace-base
2025-11-04T00:00:43.9870335Z npm warn     @opentelemetry/sdk-trace-base@"1.15.2" from @opentelemetry/otlp-transformer@0.41.2
2025-11-04T00:00:43.9871105Z npm warn     node_modules/@opentelemetry/exporter-metrics-otlp-proto/node_modules/@opentelemetry/otlp-transformer
2025-11-04T00:00:44.0016979Z npm warn ERESOLVE overriding peer dependency
2025-11-04T00:00:44.0017797Z npm warn While resolving: @opentelemetry/sdk-logs@0.43.0
2025-11-04T00:00:44.0018282Z npm warn Found: @opentelemetry/api@1.9.0
2025-11-04T00:00:44.0018672Z npm warn node_modules/@opentelemetry/api
2025-11-04T00:00:44.0019204Z npm warn   @opentelemetry/api@"^1.3.0" from @opentelemetry/api-logs@0.204.0
2025-11-04T00:00:44.0019739Z npm warn   node_modules/@opentelemetry/api-logs
2025-11-04T00:00:44.0020343Z npm warn     @opentelemetry/api-logs@"0.204.0" from @opentelemetry/instrumentation@0.204.0
2025-11-04T00:00:44.0020950Z npm warn     node_modules/@opentelemetry/instrumentation
2025-11-04T00:00:44.0021731Z npm warn   101 more (@opentelemetry/context-async-hooks, ...)
2025-11-04T00:00:44.0022229Z npm warn
2025-11-04T00:00:44.0022513Z npm warn Could not resolve dependency:
2025-11-04T00:00:44.0023070Z npm warn peer @opentelemetry/api@">=1.4.0 <1.7.0" from @opentelemetry/sdk-logs@0.43.0
2025-11-04T00:00:44.0024141Z npm warn node_modules/@opentelemetry/exporter-trace-otlp-grpc/node_modules/@opentelemetry/otlp-transformer/node_modules/@opentelemetry/sdk-logs
2025-11-04T00:00:44.0025390Z npm warn   @opentelemetry/sdk-logs@"0.43.0" from @opentelemetry/otlp-transformer@0.43.0
2025-11-04T00:00:44.0026148Z npm warn   node_modules/@opentelemetry/exporter-trace-otlp-grpc/node_modules/@opentelemetry/otlp-transformer
2025-11-04T00:00:44.0026637Z npm warn
2025-11-04T00:00:44.0026974Z npm warn Conflicting peer dependency: @opentelemetry/api@1.6.0
2025-11-04T00:00:44.0027368Z npm warn node_modules/@opentelemetry/api
2025-11-04T00:00:44.0027869Z npm warn   peer @opentelemetry/api@">=1.4.0 <1.7.0" from @opentelemetry/sdk-logs@0.43.0
2025-11-04T00:00:44.0028807Z npm warn   node_modules/@opentelemetry/exporter-trace-otlp-grpc/node_modules/@opentelemetry/otlp-transformer/node_modules/@opentelemetry/sdk-logs
2025-11-04T00:00:44.0029690Z npm warn     @opentelemetry/sdk-logs@"0.43.0" from @opentelemetry/otlp-transformer@0.43.0
2025-11-04T00:00:44.0030455Z npm warn     node_modules/@opentelemetry/exporter-trace-otlp-grpc/node_modules/@opentelemetry/otlp-transformer
2025-11-04T00:00:44.0187451Z npm warn ERESOLVE overriding peer dependency
2025-11-04T00:00:44.0188423Z npm warn While resolving: @opentelemetry/sdk-metrics@1.17.0
2025-11-04T00:00:44.0189214Z npm warn Found: @opentelemetry/api@1.9.0
2025-11-04T00:00:44.0189881Z npm warn node_modules/@opentelemetry/api
2025-11-04T00:00:44.0190798Z npm warn   @opentelemetry/api@"^1.3.0" from @opentelemetry/api-logs@0.204.0
2025-11-04T00:00:44.0191680Z npm warn   node_modules/@opentelemetry/api-logs
2025-11-04T00:00:44.0192329Z npm warn     @opentelemetry/api-logs@"0.204.0" from @opentelemetry/instrumentation@0.204.0
2025-11-04T00:00:44.0192994Z npm warn     node_modules/@opentelemetry/instrumentation
2025-11-04T00:00:44.0193519Z npm warn   101 more (@opentelemetry/context-async-hooks, ...)
2025-11-04T00:00:44.0193882Z npm warn
2025-11-04T00:00:44.0194166Z npm warn Could not resolve dependency:
2025-11-04T00:00:44.0194921Z npm warn peer @opentelemetry/api@">=1.3.0 <1.7.0" from @opentelemetry/sdk-metrics@1.17.0
2025-11-04T00:00:44.0195875Z npm warn node_modules/@opentelemetry/exporter-trace-otlp-grpc/node_modules/@opentelemetry/otlp-transformer/node_modules/@opentelemetry/sdk-metrics
2025-11-04T00:00:44.0196744Z npm warn   @opentelemetry/sdk-metrics@"1.17.0" from @opentelemetry/otlp-transformer@0.43.0
2025-11-04T00:00:44.0197505Z npm warn   node_modules/@opentelemetry/exporter-trace-otlp-grpc/node_modules/@opentelemetry/otlp-transformer
2025-11-04T00:00:44.0197972Z npm warn
2025-11-04T00:00:44.0198293Z npm warn Conflicting peer dependency: @opentelemetry/api@1.6.0
2025-11-04T00:00:44.0198688Z npm warn node_modules/@opentelemetry/api
2025-11-04T00:00:44.0199176Z npm warn   peer @opentelemetry/api@">=1.3.0 <1.7.0" from @opentelemetry/sdk-metrics@1.17.0
2025-11-04T00:00:44.0200089Z npm warn   node_modules/@opentelemetry/exporter-trace-otlp-grpc/node_modules/@opentelemetry/otlp-transformer/node_modules/@opentelemetry/sdk-metrics
2025-11-04T00:00:44.0200960Z npm warn     @opentelemetry/sdk-metrics@"1.17.0" from @opentelemetry/otlp-transformer@0.43.0
2025-11-04T00:00:44.0201711Z npm warn     node_modules/@opentelemetry/exporter-trace-otlp-grpc/node_modules/@opentelemetry/otlp-transformer
2025-11-04T00:00:44.0921028Z npm warn ERESOLVE overriding peer dependency
2025-11-04T00:00:44.0921530Z npm warn While resolving: @opentelemetry/sdk-logs@0.41.2
2025-11-04T00:00:44.0921939Z npm warn Found: @opentelemetry/api@1.9.0
2025-11-04T00:00:44.0922290Z npm warn node_modules/@opentelemetry/api
2025-11-04T00:00:44.0922775Z npm warn   @opentelemetry/api@"^1.3.0" from @opentelemetry/api-logs@0.204.0
2025-11-04T00:00:44.0923563Z npm warn   node_modules/@opentelemetry/api-logs
2025-11-04T00:00:44.0924250Z npm warn     @opentelemetry/api-logs@"0.204.0" from @opentelemetry/instrumentation@0.204.0
2025-11-04T00:00:44.0924969Z npm warn     node_modules/@opentelemetry/instrumentation
2025-11-04T00:00:44.0925431Z npm warn   101 more (@opentelemetry/context-async-hooks, ...)
2025-11-04T00:00:44.0925758Z npm warn
2025-11-04T00:00:44.0926007Z npm warn Could not resolve dependency:
2025-11-04T00:00:44.0926526Z npm warn peer @opentelemetry/api@">=1.4.0 <1.5.0" from @opentelemetry/sdk-logs@0.41.2
2025-11-04T00:00:44.0928214Z npm warn node_modules/@opentelemetry/exporter-trace-otlp-http/node_modules/@opentelemetry/otlp-transformer/node_modules/@opentelemetry/sdk-logs
2025-11-04T00:00:44.0929929Z npm warn   @opentelemetry/sdk-logs@"0.41.2" from @opentelemetry/otlp-transformer@0.41.2
2025-11-04T00:00:44.0931453Z npm warn   node_modules/@opentelemetry/exporter-trace-otlp-http/node_modules/@opentelemetry/otlp-transformer
2025-11-04T00:00:44.0932453Z npm warn
2025-11-04T00:00:44.0933124Z npm warn Conflicting peer dependency: @opentelemetry/api@1.4.1
2025-11-04T00:00:44.0933878Z npm warn node_modules/@opentelemetry/api
2025-11-04T00:00:44.0935003Z npm warn   peer @opentelemetry/api@">=1.4.0 <1.5.0" from @opentelemetry/sdk-logs@0.41.2
2025-11-04T00:00:44.0936873Z npm warn   node_modules/@opentelemetry/exporter-trace-otlp-http/node_modules/@opentelemetry/otlp-transformer/node_modules/@opentelemetry/sdk-logs
2025-11-04T00:00:44.0938400Z npm warn     @opentelemetry/sdk-logs@"0.41.2" from @opentelemetry/otlp-transformer@0.41.2
2025-11-04T00:00:44.0939704Z npm warn     node_modules/@opentelemetry/exporter-trace-otlp-http/node_modules/@opentelemetry/otlp-transformer
2025-11-04T00:00:44.1642587Z npm warn ERESOLVE overriding peer dependency
2025-11-04T00:00:44.1643465Z npm warn While resolving: @opentelemetry/sdk-metrics@1.15.2
2025-11-04T00:00:44.1644249Z npm warn Found: @opentelemetry/api@1.9.0
2025-11-04T00:00:44.1645347Z npm warn node_modules/@opentelemetry/api
2025-11-04T00:00:44.1646262Z npm warn   @opentelemetry/api@"^1.3.0" from @opentelemetry/api-logs@0.204.0
2025-11-04T00:00:44.1647159Z npm warn   node_modules/@opentelemetry/api-logs
2025-11-04T00:00:44.1648069Z npm warn     @opentelemetry/api-logs@"0.204.0" from @opentelemetry/instrumentation@0.204.0
2025-11-04T00:00:44.1648918Z npm warn     node_modules/@opentelemetry/instrumentation
2025-11-04T00:00:44.1649601Z npm warn   101 more (@opentelemetry/context-async-hooks, ...)
2025-11-04T00:00:44.1650103Z npm warn
2025-11-04T00:00:44.1650367Z npm warn Could not resolve dependency:
2025-11-04T00:00:44.1650873Z npm warn peer @opentelemetry/api@">=1.3.0 <1.5.0" from @opentelemetry/sdk-metrics@1.15.2
2025-11-04T00:00:44.1651824Z npm warn node_modules/@opentelemetry/exporter-trace-otlp-http/node_modules/@opentelemetry/otlp-transformer/node_modules/@opentelemetry/sdk-metrics
2025-11-04T00:00:44.1652719Z npm warn   @opentelemetry/sdk-metrics@"1.15.2" from @opentelemetry/otlp-transformer@0.41.2
2025-11-04T00:00:44.1653502Z npm warn   node_modules/@opentelemetry/exporter-trace-otlp-http/node_modules/@opentelemetry/otlp-transformer
2025-11-04T00:00:44.1653991Z npm warn
2025-11-04T00:00:44.1654321Z npm warn Conflicting peer dependency: @opentelemetry/api@1.4.1
2025-11-04T00:00:44.1654945Z npm warn node_modules/@opentelemetry/api
2025-11-04T00:00:44.1655482Z npm warn   peer @opentelemetry/api@">=1.3.0 <1.5.0" from @opentelemetry/sdk-metrics@1.15.2
2025-11-04T00:00:44.1656445Z npm warn   node_modules/@opentelemetry/exporter-trace-otlp-http/node_modules/@opentelemetry/otlp-transformer/node_modules/@opentelemetry/sdk-metrics
2025-11-04T00:00:44.1657362Z npm warn     @opentelemetry/sdk-metrics@"1.15.2" from @opentelemetry/otlp-transformer@0.41.2
2025-11-04T00:00:44.1658140Z npm warn     node_modules/@opentelemetry/exporter-trace-otlp-http/node_modules/@opentelemetry/otlp-transformer
2025-11-04T00:00:44.2407505Z npm warn ERESOLVE overriding peer dependency
2025-11-04T00:00:44.2410375Z npm warn While resolving: @opentelemetry/sdk-logs@0.41.2
2025-11-04T00:00:44.2411269Z npm warn Found: @opentelemetry/api@1.9.0
2025-11-04T00:00:44.2411862Z npm warn node_modules/@opentelemetry/api
2025-11-04T00:00:44.2412667Z npm warn   @opentelemetry/api@"^1.3.0" from @opentelemetry/api-logs@0.204.0
2025-11-04T00:00:44.2413453Z npm warn   node_modules/@opentelemetry/api-logs
2025-11-04T00:00:44.2414373Z npm warn     @opentelemetry/api-logs@"0.204.0" from @opentelemetry/instrumentation@0.204.0
2025-11-04T00:00:44.2415498Z npm warn     node_modules/@opentelemetry/instrumentation
2025-11-04T00:00:44.2416259Z npm warn   101 more (@opentelemetry/context-async-hooks, ...)
2025-11-04T00:00:44.2416782Z npm warn
2025-11-04T00:00:44.2417187Z npm warn Could not resolve dependency:
2025-11-04T00:00:44.2417826Z npm warn peer @opentelemetry/api@">=1.4.0 <1.5.0" from @opentelemetry/sdk-logs@0.41.2
2025-11-04T00:00:44.2418736Z npm warn node_modules/@opentelemetry/exporter-trace-otlp-proto/node_modules/@opentelemetry/otlp-transformer/node_modules/@opentelemetry/sdk-logs
2025-11-04T00:00:44.2419597Z npm warn   @opentelemetry/sdk-logs@"0.41.2" from @opentelemetry/otlp-transformer@0.41.2
2025-11-04T00:00:44.2420310Z npm warn   node_modules/@opentelemetry/exporter-trace-otlp-proto/node_modules/@opentelemetry/otlp-transformer
2025-11-04T00:00:44.2420772Z npm warn
2025-11-04T00:00:44.2421102Z npm warn Conflicting peer dependency: @opentelemetry/api@1.4.1
2025-11-04T00:00:44.2421474Z npm warn node_modules/@opentelemetry/api
2025-11-04T00:00:44.2421939Z npm warn   peer @opentelemetry/api@">=1.4.0 <1.5.0" from @opentelemetry/sdk-logs@0.41.2
2025-11-04T00:00:44.2422792Z npm warn   node_modules/@opentelemetry/exporter-trace-otlp-proto/node_modules/@opentelemetry/otlp-transformer/node_modules/@opentelemetry/sdk-logs
2025-11-04T00:00:44.2423623Z npm warn     @opentelemetry/sdk-logs@"0.41.2" from @opentelemetry/otlp-transformer@0.41.2
2025-11-04T00:00:44.2424353Z npm warn     node_modules/@opentelemetry/exporter-trace-otlp-proto/node_modules/@opentelemetry/otlp-transformer
2025-11-04T00:00:44.3164265Z npm warn ERESOLVE overriding peer dependency
2025-11-04T00:00:44.3165425Z npm warn While resolving: @opentelemetry/sdk-metrics@1.15.2
2025-11-04T00:00:44.3165923Z npm warn Found: @opentelemetry/api@1.9.0
2025-11-04T00:00:44.3166314Z npm warn node_modules/@opentelemetry/api
2025-11-04T00:00:44.3166863Z npm warn   @opentelemetry/api@"^1.3.0" from @opentelemetry/api-logs@0.204.0
2025-11-04T00:00:44.3167388Z npm warn   node_modules/@opentelemetry/api-logs
2025-11-04T00:00:44.3168031Z npm warn     @opentelemetry/api-logs@"0.204.0" from @opentelemetry/instrumentation@0.204.0
2025-11-04T00:00:44.3168665Z npm warn     node_modules/@opentelemetry/instrumentation
2025-11-04T00:00:44.3169182Z npm warn   101 more (@opentelemetry/context-async-hooks, ...)
2025-11-04T00:00:44.3169553Z npm warn
2025-11-04T00:00:44.3169838Z npm warn Could not resolve dependency:
2025-11-04T00:00:44.3170435Z npm warn peer @opentelemetry/api@">=1.3.0 <1.5.0" from @opentelemetry/sdk-metrics@1.15.2
2025-11-04T00:00:44.3171372Z npm warn node_modules/@opentelemetry/exporter-trace-otlp-proto/node_modules/@opentelemetry/otlp-transformer/node_modules/@opentelemetry/sdk-metrics
2025-11-04T00:00:44.3172241Z npm warn   @opentelemetry/sdk-metrics@"1.15.2" from @opentelemetry/otlp-transformer@0.41.2
2025-11-04T00:00:44.3172976Z npm warn   node_modules/@opentelemetry/exporter-trace-otlp-proto/node_modules/@opentelemetry/otlp-transformer
2025-11-04T00:00:44.3173445Z npm warn
2025-11-04T00:00:44.3173756Z npm warn Conflicting peer dependency: @opentelemetry/api@1.4.1
2025-11-04T00:00:44.3174175Z npm warn node_modules/@opentelemetry/api
2025-11-04T00:00:44.3174655Z npm warn   peer @opentelemetry/api@">=1.3.0 <1.5.0" from @opentelemetry/sdk-metrics@1.15.2
2025-11-04T00:00:44.3175797Z npm warn   node_modules/@opentelemetry/exporter-trace-otlp-proto/node_modules/@opentelemetry/otlp-transformer/node_modules/@opentelemetry/sdk-metrics
2025-11-04T00:00:44.3176667Z npm warn     @opentelemetry/sdk-metrics@"1.15.2" from @opentelemetry/otlp-transformer@0.41.2
2025-11-04T00:00:44.3177792Z npm warn     node_modules/@opentelemetry/exporter-trace-otlp-proto/node_modules/@opentelemetry/otlp-transformer
2025-11-04T00:00:49.5666379Z npm warn deprecated read-package-json@7.0.1: This package is no longer supported. Please use @npmcli/package-json instead.
2025-11-04T00:00:49.7542364Z npm warn deprecated q@1.5.1: You or someone you depend on is using Q, the JavaScript Promise library that gave JavaScript developers strong feelings about promises. They can almost certainly migrate to the native JavaScript promise now. Thank you literally everyone for joining me in this bet against the odds. Be excellent to each other.
2025-11-04T00:00:49.7546378Z npm warn deprecated
2025-11-04T00:00:49.7547471Z npm warn deprecated (For a CapTP with native promises, see @endo/eventual-send and @endo/captp)
2025-11-04T00:00:49.8096763Z npm warn deprecated querystring@0.2.0: The querystring API is considered Legacy. new code should use the URLSearchParams API instead.
2025-11-04T00:00:50.8192505Z npm warn deprecated lodash.isequal@4.5.0: This package is deprecated. Use require('node:util').isDeepStrictEqual instead.
2025-11-04T00:00:51.1386573Z npm warn deprecated node-domexception@1.0.0: Use your platform's native DOMException instead
2025-11-04T00:00:51.5349772Z npm warn deprecated inflight@1.0.6: This module is not supported, and leaks memory. Do not use it. Check out lru-cache if you want a good and tested way to coalesce async requests by a key value, which is much more comprehensive and powerful.
2025-11-04T00:00:52.5338218Z npm warn deprecated fstream@1.0.12: This package is no longer supported.
2025-11-04T00:00:57.7312259Z npm warn deprecated @esbuild-kit/esm-loader@2.6.5: Merged into tsx: https://tsx.is
2025-11-04T00:00:57.8127221Z npm warn deprecated @esbuild-kit/core-utils@3.3.2: Merged into tsx: https://tsx.is
2025-11-04T00:00:58.9000963Z npm warn deprecated glob@7.2.3: Glob versions prior to v9 are no longer supported
2025-11-04T00:00:59.1234395Z npm warn deprecated glob@7.2.3: Glob versions prior to v9 are no longer supported
2025-11-04T00:00:59.1235708Z npm warn deprecated glob@7.2.3: Glob versions prior to v9 are no longer supported
2025-11-04T00:00:59.1559694Z npm warn deprecated rimraf@3.0.2: Rimraf versions prior to v4 are no longer supported
2025-11-04T00:00:59.1867667Z npm warn deprecated rimraf@2.6.3: Rimraf versions prior to v4 are no longer supported
2025-11-04T00:00:59.2556533Z npm warn deprecated glob@7.2.3: Glob versions prior to v9 are no longer supported
2025-11-04T00:00:59.6859141Z npm warn deprecated glob@7.2.3: Glob versions prior to v9 are no longer supported
2025-11-04T00:01:00.5212016Z npm warn deprecated rimraf@2.7.1: Rimraf versions prior to v4 are no longer supported
2025-11-04T00:01:00.5834940Z npm warn deprecated glob@7.2.3: Glob versions prior to v9 are no longer supported
2025-11-04T00:01:01.4006867Z npm warn deprecated glob@7.2.3: Glob versions prior to v9 are no longer supported
2025-11-04T00:01:02.5271809Z npm warn deprecated eslint-define-config@2.1.0: Package no longer supported. Contact Support at https://www.npmjs.com/support for more info.
2025-11-04T00:01:08.7385981Z npm warn deprecated @opentelemetry/otlp-proto-exporter-base@0.41.2: Package no longer supported. Contact Support at https://www.npmjs.com/support for more info.
2025-11-04T00:01:30.3991630Z 
2025-11-04T00:01:30.3992279Z added 2255 packages, and audited 2256 packages in 54s
2025-11-04T00:01:30.3992696Z 
2025-11-04T00:01:30.3992943Z 327 packages are looking for funding
2025-11-04T00:01:30.3993393Z   run `npm fund` for details
2025-11-04T00:01:30.4308165Z 
2025-11-04T00:01:30.4308862Z 10 vulnerabilities (2 low, 5 moderate, 3 high)
2025-11-04T00:01:30.4309312Z 
2025-11-04T00:01:30.4309575Z To address issues that do not require attention, run:
2025-11-04T00:01:30.4309940Z   npm audit fix
2025-11-04T00:01:30.4310098Z 
2025-11-04T00:01:30.4310346Z To address all issues (including breaking changes), run:
2025-11-04T00:01:30.4310728Z   npm audit fix --force
2025-11-04T00:01:30.4311356Z 
2025-11-04T00:01:30.4311488Z Run `npm audit` for details.
2025-11-04T00:01:30.4863497Z ##[group]Run npx playwright install --with-deps chromium
2025-11-04T00:01:30.4863919Z [36;1mnpx playwright install --with-deps chromium[0m
2025-11-04T00:01:30.4901645Z shell: /usr/bin/bash -e {0}
2025-11-04T00:01:30.4901880Z ##[endgroup]
2025-11-04T00:01:31.4384019Z Installing dependencies...
2025-11-04T00:01:31.4450600Z Switching to root user to install dependencies...
2025-11-04T00:01:31.5242317Z Get:1 file:/etc/apt/apt-mirrors.txt Mirrorlist [144 B]
2025-11-04T00:01:31.5553663Z Hit:2 http://azure.archive.ubuntu.com/ubuntu noble InRelease
2025-11-04T00:01:31.5555386Z Hit:6 https://packages.microsoft.com/repos/azure-cli noble InRelease
2025-11-04T00:01:31.5575845Z Get:7 https://packages.microsoft.com/ubuntu/24.04/prod noble InRelease [3600 B]
2025-11-04T00:01:31.5578606Z Get:3 http://azure.archive.ubuntu.com/ubuntu noble-updates InRelease [126 kB]
2025-11-04T00:01:31.5614271Z Get:4 http://azure.archive.ubuntu.com/ubuntu noble-backports InRelease [126 kB]
2025-11-04T00:01:31.5650653Z Get:5 http://azure.archive.ubuntu.com/ubuntu noble-security InRelease [126 kB]
2025-11-04T00:01:31.7298506Z Get:8 https://packages.microsoft.com/ubuntu/24.04/prod noble/main armhf Packages [11.1 kB]
2025-11-04T00:01:31.7407560Z Get:9 https://packages.microsoft.com/ubuntu/24.04/prod noble/main arm64 Packages [49.0 kB]
2025-11-04T00:01:31.7462666Z Get:10 https://packages.microsoft.com/ubuntu/24.04/prod noble/main amd64 Packages [66.4 kB]
2025-11-04T00:01:31.7791455Z Get:11 http://azure.archive.ubuntu.com/ubuntu noble-updates/main amd64 Packages [1578 kB]
2025-11-04T00:01:31.7873762Z Get:12 http://azure.archive.ubuntu.com/ubuntu noble-updates/main Translation-en [297 kB]
2025-11-04T00:01:31.7897851Z Get:13 http://azure.archive.ubuntu.com/ubuntu noble-updates/main amd64 Components [175 kB]
2025-11-04T00:01:31.7916543Z Get:14 http://azure.archive.ubuntu.com/ubuntu noble-updates/main amd64 c-n-f Metadata [15.4 kB]
2025-11-04T00:01:31.7928327Z Get:15 http://azure.archive.ubuntu.com/ubuntu noble-updates/universe amd64 Packages [1498 kB]
2025-11-04T00:01:31.8004435Z Get:16 http://azure.archive.ubuntu.com/ubuntu noble-updates/universe Translation-en [303 kB]
2025-11-04T00:01:31.8030840Z Get:17 http://azure.archive.ubuntu.com/ubuntu noble-updates/universe amd64 Components [378 kB]
2025-11-04T00:01:31.8061302Z Get:18 http://azure.archive.ubuntu.com/ubuntu noble-updates/universe amd64 c-n-f Metadata [31.4 kB]
2025-11-04T00:01:31.8072249Z Get:19 http://azure.archive.ubuntu.com/ubuntu noble-updates/restricted amd64 Packages [2235 kB]
2025-11-04T00:01:31.8208676Z Get:20 http://azure.archive.ubuntu.com/ubuntu noble-updates/restricted Translation-en [506 kB]
2025-11-04T00:01:31.8679002Z Get:21 http://azure.archive.ubuntu.com/ubuntu noble-updates/restricted amd64 Components [212 B]
2025-11-04T00:01:31.8688527Z Get:22 http://azure.archive.ubuntu.com/ubuntu noble-updates/multiverse amd64 Components [940 B]
2025-11-04T00:01:31.8696898Z Get:23 http://azure.archive.ubuntu.com/ubuntu noble-backports/main amd64 Components [7120 B]
2025-11-04T00:01:31.8707845Z Get:24 http://azure.archive.ubuntu.com/ubuntu noble-backports/universe amd64 Components [11.0 kB]
2025-11-04T00:01:31.8713556Z Get:25 http://azure.archive.ubuntu.com/ubuntu noble-backports/restricted amd64 Components [216 B]
2025-11-04T00:01:31.8723252Z Get:26 http://azure.archive.ubuntu.com/ubuntu noble-backports/multiverse amd64 Components [212 B]
2025-11-04T00:01:31.8893177Z Get:27 http://azure.archive.ubuntu.com/ubuntu noble-security/main amd64 Packages [1298 kB]
2025-11-04T00:01:31.8975151Z Get:28 http://azure.archive.ubuntu.com/ubuntu noble-security/main Translation-en [213 kB]
2025-11-04T00:01:31.8995999Z Get:29 http://azure.archive.ubuntu.com/ubuntu noble-security/main amd64 Components [21.5 kB]
2025-11-04T00:01:31.9005357Z Get:30 http://azure.archive.ubuntu.com/ubuntu noble-security/main amd64 c-n-f Metadata [9012 B]
2025-11-04T00:01:31.9016382Z Get:31 http://azure.archive.ubuntu.com/ubuntu noble-security/universe amd64 Packages [906 kB]
2025-11-04T00:01:31.9074070Z Get:32 http://azure.archive.ubuntu.com/ubuntu noble-security/universe Translation-en [203 kB]
2025-11-04T00:01:31.9097126Z Get:33 http://azure.archive.ubuntu.com/ubuntu noble-security/universe amd64 Components [52.2 kB]
2025-11-04T00:01:31.9107925Z Get:34 http://azure.archive.ubuntu.com/ubuntu noble-security/universe amd64 c-n-f Metadata [19.4 kB]
2025-11-04T00:01:31.9556874Z Get:35 http://azure.archive.ubuntu.com/ubuntu noble-security/restricted amd64 Packages [2131 kB]
2025-11-04T00:01:31.9684148Z Get:36 http://azure.archive.ubuntu.com/ubuntu noble-security/restricted Translation-en [483 kB]
2025-11-04T00:01:31.9718835Z Get:37 http://azure.archive.ubuntu.com/ubuntu noble-security/restricted amd64 Components [212 B]
2025-11-04T00:01:31.9729641Z Get:38 http://azure.archive.ubuntu.com/ubuntu noble-security/multiverse amd64 Components [212 B]
2025-11-04T00:01:40.6963005Z Fetched 12.9 MB in 2s (8340 kB/s)
2025-11-04T00:01:41.5263416Z Reading package lists...
2025-11-04T00:01:41.5528532Z Reading package lists...
2025-11-04T00:01:41.7746446Z Building dependency tree...
2025-11-04T00:01:41.7754394Z Reading state information...
2025-11-04T00:01:41.9774938Z libasound2t64 is already the newest version (1.2.11-1ubuntu0.1).
2025-11-04T00:01:41.9775881Z libasound2t64 set to manually installed.
2025-11-04T00:01:41.9776825Z libatk-bridge2.0-0t64 is already the newest version (2.52.0-1build1).
2025-11-04T00:01:41.9777696Z libatk-bridge2.0-0t64 set to manually installed.
2025-11-04T00:01:41.9778564Z libatk1.0-0t64 is already the newest version (2.52.0-1build1).
2025-11-04T00:01:41.9779127Z libatk1.0-0t64 set to manually installed.
2025-11-04T00:01:41.9779537Z libatspi2.0-0t64 is already the newest version (2.52.0-1build1).
2025-11-04T00:01:41.9779943Z libatspi2.0-0t64 set to manually installed.
2025-11-04T00:01:41.9780322Z libcairo2 is already the newest version (1.18.0-3build1).
2025-11-04T00:01:41.9780665Z libcairo2 set to manually installed.
2025-11-04T00:01:41.9781320Z libcups2t64 is already the newest version (2.4.7-1.2ubuntu7.4).
2025-11-04T00:01:41.9781948Z libcups2t64 set to manually installed.
2025-11-04T00:01:41.9782499Z libdbus-1-3 is already the newest version (1.14.10-4ubuntu4.1).
2025-11-04T00:01:41.9782868Z libdbus-1-3 set to manually installed.
2025-11-04T00:01:41.9783272Z libdrm2 is already the newest version (2.4.122-1~ubuntu0.24.04.1).
2025-11-04T00:01:41.9783638Z libdrm2 set to manually installed.
2025-11-04T00:01:41.9784009Z libgbm1 is already the newest version (25.0.7-0ubuntu0.24.04.2).
2025-11-04T00:01:41.9784361Z libgbm1 set to manually installed.
2025-11-04T00:01:41.9785121Z libglib2.0-0t64 is already the newest version (2.80.0-6ubuntu3.4).
2025-11-04T00:01:41.9785524Z libglib2.0-0t64 set to manually installed.
2025-11-04T00:01:41.9785918Z libnspr4 is already the newest version (2:4.35-1.1build1).
2025-11-04T00:01:41.9786267Z libnspr4 set to manually installed.
2025-11-04T00:01:41.9786616Z libnss3 is already the newest version (2:3.98-1build1).
2025-11-04T00:01:41.9787062Z libnss3 set to manually installed.
2025-11-04T00:01:41.9787450Z libpango-1.0-0 is already the newest version (1.52.1+ds-1build1).
2025-11-04T00:01:41.9787826Z libpango-1.0-0 set to manually installed.
2025-11-04T00:01:41.9788191Z libx11-6 is already the newest version (2:1.8.7-1build1).
2025-11-04T00:01:41.9788528Z libx11-6 set to manually installed.
2025-11-04T00:01:41.9788947Z libxcb1 is already the newest version (1.15-1ubuntu2).
2025-11-04T00:01:41.9789282Z libxcb1 set to manually installed.
2025-11-04T00:01:41.9789669Z libxcomposite1 is already the newest version (1:0.4.5-1build3).
2025-11-04T00:01:41.9790053Z libxcomposite1 set to manually installed.
2025-11-04T00:01:41.9790424Z libxdamage1 is already the newest version (1:1.1.6-1build1).
2025-11-04T00:01:41.9790767Z libxdamage1 set to manually installed.
2025-11-04T00:01:41.9791114Z libxext6 is already the newest version (2:1.3.4-1build2).
2025-11-04T00:01:41.9791442Z libxext6 set to manually installed.
2025-11-04T00:01:41.9792083Z libxfixes3 is already the newest version (1:6.0.0-2build1).
2025-11-04T00:01:41.9792573Z libxfixes3 set to manually installed.
2025-11-04T00:01:41.9793044Z libxkbcommon0 is already the newest version (1.6.0-1build1).
2025-11-04T00:01:41.9793410Z libxkbcommon0 set to manually installed.
2025-11-04T00:01:41.9793788Z libxrandr2 is already the newest version (2:1.5.2-2build1).
2025-11-04T00:01:41.9794132Z libxrandr2 set to manually installed.
2025-11-04T00:01:41.9794573Z fonts-noto-color-emoji is already the newest version (2.047-0ubuntu0.24.04.1).
2025-11-04T00:01:41.9795303Z libfontconfig1 is already the newest version (2.15.0-1.1ubuntu2).
2025-11-04T00:01:41.9795673Z libfontconfig1 set to manually installed.
2025-11-04T00:01:41.9796154Z libfreetype6 is already the newest version (2.13.2+dfsg-1build3).
2025-11-04T00:01:41.9796518Z libfreetype6 set to manually installed.
2025-11-04T00:01:41.9796895Z fonts-liberation is already the newest version (1:2.1.5-3).
2025-11-04T00:01:41.9797273Z fonts-liberation set to manually installed.
2025-11-04T00:01:41.9797633Z The following additional packages will be installed:
2025-11-04T00:01:41.9797981Z   xfonts-encodings xfonts-utils xserver-common
2025-11-04T00:01:41.9798277Z Recommended packages:
2025-11-04T00:01:41.9798543Z   fonts-ipafont-mincho fonts-tlwg-loma xfonts-base
2025-11-04T00:01:42.0057541Z The following NEW packages will be installed:
2025-11-04T00:01:42.0058188Z   fonts-freefont-ttf fonts-ipafont-gothic fonts-tlwg-loma-otf fonts-unifont
2025-11-04T00:01:42.0071079Z   fonts-wqy-zenhei xfonts-cyrillic xfonts-encodings xfonts-scalable
2025-11-04T00:01:42.0071653Z   xfonts-utils
2025-11-04T00:01:42.0087886Z The following packages will be upgraded:
2025-11-04T00:01:42.0088318Z   xserver-common xvfb
2025-11-04T00:01:42.0270331Z 2 upgraded, 9 newly installed, 0 to remove and 34 not upgraded.
2025-11-04T00:01:42.0270759Z Need to get 22.0 MB of archives.
2025-11-04T00:01:42.0271157Z After this operation, 79.6 MB of additional disk space will be used.
2025-11-04T00:01:42.0271636Z Get:1 file:/etc/apt/apt-mirrors.txt Mirrorlist [144 B]
2025-11-04T00:01:42.0466609Z Get:2 http://azure.archive.ubuntu.com/ubuntu noble/universe amd64 fonts-ipafont-gothic all 00303-21ubuntu1 [3513 kB]
2025-11-04T00:01:42.1371558Z Get:3 http://azure.archive.ubuntu.com/ubuntu noble/main amd64 fonts-freefont-ttf all 20211204+svn4273-2 [5641 kB]
2025-11-04T00:01:42.2835223Z Get:4 http://azure.archive.ubuntu.com/ubuntu noble/universe amd64 fonts-tlwg-loma-otf all 1:0.7.3-1 [107 kB]
2025-11-04T00:01:42.2897185Z Get:5 http://azure.archive.ubuntu.com/ubuntu noble/universe amd64 fonts-unifont all 1:15.1.01-1build1 [2993 kB]
2025-11-04T00:01:42.3882002Z Get:6 http://azure.archive.ubuntu.com/ubuntu noble/universe amd64 fonts-wqy-zenhei all 0.9.45-8 [7472 kB]
2025-11-04T00:01:42.6150014Z Get:7 http://azure.archive.ubuntu.com/ubuntu noble/main amd64 xfonts-encodings all 1:1.0.5-0ubuntu2 [578 kB]
2025-11-04T00:01:42.6437985Z Get:8 http://azure.archive.ubuntu.com/ubuntu noble/main amd64 xfonts-utils amd64 1:7.7+6build3 [94.4 kB]
2025-11-04T00:01:42.6498809Z Get:9 http://azure.archive.ubuntu.com/ubuntu noble/universe amd64 xfonts-cyrillic all 1:1.0.5+nmu1 [384 kB]
2025-11-04T00:01:42.6709918Z Get:10 http://azure.archive.ubuntu.com/ubuntu noble/main amd64 xfonts-scalable all 1:1.0.3-1.3 [304 kB]
2025-11-04T00:01:42.6870579Z Get:11 http://azure.archive.ubuntu.com/ubuntu noble-updates/main amd64 xserver-common all 2:21.1.12-1ubuntu1.5 [34.6 kB]
2025-11-04T00:01:42.6905408Z Get:12 http://azure.archive.ubuntu.com/ubuntu noble-updates/universe amd64 xvfb amd64 2:21.1.12-1ubuntu1.5 [877 kB]
2025-11-04T00:01:43.0128892Z Fetched 22.0 MB in 1s (30.6 MB/s)
2025-11-04T00:01:43.0380595Z Selecting previously unselected package fonts-ipafont-gothic.
2025-11-04T00:01:43.0682568Z (Reading database ... 
2025-11-04T00:01:43.0683058Z (Reading database ... 5%
2025-11-04T00:01:43.0683432Z (Reading database ... 10%
2025-11-04T00:01:43.0683750Z (Reading database ... 15%
2025-11-04T00:01:43.0684001Z (Reading database ... 20%
2025-11-04T00:01:43.0684525Z (Reading database ... 25%
2025-11-04T00:01:43.0685202Z (Reading database ... 30%
2025-11-04T00:01:43.0685452Z (Reading database ... 35%
2025-11-04T00:01:43.0685691Z (Reading database ... 40%
2025-11-04T00:01:43.0685928Z (Reading database ... 45%
2025-11-04T00:01:43.0686156Z (Reading database ... 50%
2025-11-04T00:01:43.0945585Z (Reading database ... 55%
2025-11-04T00:01:43.3356998Z (Reading database ... 60%
2025-11-04T00:01:43.5447465Z (Reading database ... 65%
2025-11-04T00:01:43.7812748Z (Reading database ... 70%
2025-11-04T00:01:43.9419859Z (Reading database ... 75%
2025-11-04T00:01:44.1826991Z (Reading database ... 80%
2025-11-04T00:01:44.4409533Z (Reading database ... 85%
2025-11-04T00:01:44.6827732Z (Reading database ... 90%
2025-11-04T00:01:44.8525478Z (Reading database ... 95%
2025-11-04T00:01:44.8526055Z (Reading database ... 100%
2025-11-04T00:01:44.8526878Z (Reading database ... 215550 files and directories currently installed.)
2025-11-04T00:01:44.8570120Z Preparing to unpack .../00-fonts-ipafont-gothic_00303-21ubuntu1_all.deb ...
2025-11-04T00:01:44.8661579Z Unpacking fonts-ipafont-gothic (00303-21ubuntu1) ...
2025-11-04T00:01:45.0963255Z Selecting previously unselected package fonts-freefont-ttf.
2025-11-04T00:01:45.1101201Z Preparing to unpack .../01-fonts-freefont-ttf_20211204+svn4273-2_all.deb ...
2025-11-04T00:01:45.1111511Z Unpacking fonts-freefont-ttf (20211204+svn4273-2) ...
2025-11-04T00:01:45.1977692Z Selecting previously unselected package fonts-tlwg-loma-otf.
2025-11-04T00:01:45.2114886Z Preparing to unpack .../02-fonts-tlwg-loma-otf_1%3a0.7.3-1_all.deb ...
2025-11-04T00:01:45.2123274Z Unpacking fonts-tlwg-loma-otf (1:0.7.3-1) ...
2025-11-04T00:01:45.2362013Z Selecting previously unselected package fonts-unifont.
2025-11-04T00:01:45.2498500Z Preparing to unpack .../03-fonts-unifont_1%3a15.1.01-1build1_all.deb ...
2025-11-04T00:01:45.2508260Z Unpacking fonts-unifont (1:15.1.01-1build1) ...
2025-11-04T00:01:45.3739709Z Selecting previously unselected package fonts-wqy-zenhei.
2025-11-04T00:01:45.3878265Z Preparing to unpack .../04-fonts-wqy-zenhei_0.9.45-8_all.deb ...
2025-11-04T00:01:45.3981972Z Unpacking fonts-wqy-zenhei (0.9.45-8) ...
2025-11-04T00:01:45.8662903Z Selecting previously unselected package xfonts-encodings.
2025-11-04T00:01:45.8797596Z Preparing to unpack .../05-xfonts-encodings_1%3a1.0.5-0ubuntu2_all.deb ...
2025-11-04T00:01:45.8806762Z Unpacking xfonts-encodings (1:1.0.5-0ubuntu2) ...
2025-11-04T00:01:45.9112960Z Selecting previously unselected package xfonts-utils.
2025-11-04T00:01:45.9252520Z Preparing to unpack .../06-xfonts-utils_1%3a7.7+6build3_amd64.deb ...
2025-11-04T00:01:45.9263985Z Unpacking xfonts-utils (1:7.7+6build3) ...
2025-11-04T00:01:45.9672274Z Selecting previously unselected package xfonts-cyrillic.
2025-11-04T00:01:45.9811243Z Preparing to unpack .../07-xfonts-cyrillic_1%3a1.0.5+nmu1_all.deb ...
2025-11-04T00:01:45.9821829Z Unpacking xfonts-cyrillic (1:1.0.5+nmu1) ...
2025-11-04T00:01:46.0180304Z Selecting previously unselected package xfonts-scalable.
2025-11-04T00:01:46.0317876Z Preparing to unpack .../08-xfonts-scalable_1%3a1.0.3-1.3_all.deb ...
2025-11-04T00:01:46.0328901Z Unpacking xfonts-scalable (1:1.0.3-1.3) ...
2025-11-04T00:01:46.0721771Z Preparing to unpack .../09-xserver-common_2%3a21.1.12-1ubuntu1.5_all.deb ...
2025-11-04T00:01:46.0748738Z Unpacking xserver-common (2:21.1.12-1ubuntu1.5) over (2:21.1.12-1ubuntu1.4) ...
2025-11-04T00:01:46.1197330Z Preparing to unpack .../10-xvfb_2%3a21.1.12-1ubuntu1.5_amd64.deb ...
2025-11-04T00:01:46.1224489Z Unpacking xvfb (2:21.1.12-1ubuntu1.5) over (2:21.1.12-1ubuntu1.4) ...
2025-11-04T00:01:46.1850550Z Setting up fonts-wqy-zenhei (0.9.45-8) ...
2025-11-04T00:01:46.1976525Z Setting up fonts-freefont-ttf (20211204+svn4273-2) ...
2025-11-04T00:01:46.1999745Z Setting up fonts-tlwg-loma-otf (1:0.7.3-1) ...
2025-11-04T00:01:46.2020593Z Setting up xfonts-encodings (1:1.0.5-0ubuntu2) ...
2025-11-04T00:01:46.2050737Z Setting up fonts-ipafont-gothic (00303-21ubuntu1) ...
2025-11-04T00:01:46.2119630Z update-alternatives: using /usr/share/fonts/opentype/ipafont-gothic/ipag.ttf to provide /usr/share/fonts/truetype/fonts-japanese-gothic.ttf (fonts-japanese-gothic.ttf) in auto mode
2025-11-04T00:01:46.2136117Z Setting up xserver-common (2:21.1.12-1ubuntu1.5) ...
2025-11-04T00:01:46.2158606Z Setting up fonts-unifont (1:15.1.01-1build1) ...
2025-11-04T00:01:46.2180372Z Setting up xvfb (2:21.1.12-1ubuntu1.5) ...
2025-11-04T00:01:46.2205316Z Setting up xfonts-utils (1:7.7+6build3) ...
2025-11-04T00:01:46.2253525Z Setting up xfonts-cyrillic (1:1.0.5+nmu1) ...
2025-11-04T00:01:46.2760201Z Setting up xfonts-scalable (1:1.0.3-1.3) ...
2025-11-04T00:01:46.3074353Z Processing triggers for man-db (2.12.0-4build2) ...
2025-11-04T00:01:57.6952900Z Processing triggers for fontconfig (2.15.0-1.1ubuntu2) ...
2025-11-04T00:01:58.5988188Z 
2025-11-04T00:01:58.5988800Z Running kernel seems to be up-to-date.
2025-11-04T00:01:58.5989151Z 
2025-11-04T00:01:58.5989377Z No services need to be restarted.
2025-11-04T00:01:58.5989577Z 
2025-11-04T00:01:58.5989725Z No containers need to be restarted.
2025-11-04T00:01:58.5989916Z 
2025-11-04T00:01:58.5990091Z No user sessions are running outdated binaries.
2025-11-04T00:01:58.5990294Z 
2025-11-04T00:01:58.5990582Z No VM guests are running outdated hypervisor (qemu) binaries on this host.
2025-11-04T00:01:59.6853465Z ##[group]Run node scripts/ts-baseline-check.mjs
2025-11-04T00:01:59.6853825Z [36;1mnode scripts/ts-baseline-check.mjs[0m
2025-11-04T00:01:59.6887163Z shell: /usr/bin/bash -e {0}
2025-11-04T00:01:59.6887384Z ##[endgroup]
2025-11-04T00:01:59.7208133Z 🔍 TypeScript Baseline Quality Gate
2025-11-04T00:01:59.7212139Z ====================================
2025-11-04T00:01:59.7212491Z 
2025-11-04T00:01:59.7215731Z 📊 Current baseline: 2290 errors
2025-11-04T00:01:59.7216652Z 🔧 Running TypeScript check...
2025-11-04T00:01:59.7216959Z 
2025-11-04T00:02:54.6511664Z 
2025-11-04T00:02:54.6512444Z 📈 Results:
2025-11-04T00:02:54.6512878Z    Errors found: 2290
2025-11-04T00:02:54.6513312Z    Baseline:     2290
2025-11-04T00:02:54.6513653Z    Delta:        +0
2025-11-04T00:02:54.6514003Z    Status:       PASS
2025-11-04T00:02:54.6514216Z 
2025-11-04T00:02:54.6514598Z ✅ PASS: Error count within baseline
2025-11-04T00:02:54.6580253Z ##[group]Run npm run dev &
2025-11-04T00:02:54.6580528Z [36;1mnpm run dev &[0m
2025-11-04T00:02:54.6580733Z [36;1mecho $! > .server.pid[0m
2025-11-04T00:02:54.6615080Z shell: /usr/bin/bash -e {0}
2025-11-04T00:02:54.6615298Z env:
2025-11-04T00:02:54.6615459Z   NODE_ENV: development
2025-11-04T00:02:54.6615661Z   PORT: 5000
2025-11-04T00:02:54.6615830Z ##[endgroup]
2025-11-04T00:02:54.7808605Z 
2025-11-04T00:02:54.7809071Z > rest-express@1.0.0 dev
2025-11-04T00:02:54.7809578Z > NODE_ENV=development tsx server/index.ts
2025-11-04T00:02:54.7809786Z 
2025-11-04T00:02:57.2911381Z /home/runner/work/AuditForecaster/AuditForecaster/server/db.ts:9
2025-11-04T00:02:57.2912095Z   throw new Error(
2025-11-04T00:02:57.2912704Z         ^
2025-11-04T00:02:57.2912980Z 
2025-11-04T00:02:57.2912988Z 
2025-11-04T00:02:57.2913471Z Error: DATABASE_URL must be set. Did you forget to provision a database?
2025-11-04T00:02:57.2978573Z     at <anonymous> (/home/runner/work/AuditForecaster/AuditForecaster/server/db.ts:9:9)
2025-11-04T00:02:57.2979439Z     at ModuleJob.run (node:internal/modules/esm/module_job:325:25)
2025-11-04T00:02:57.2980199Z     at async ModuleLoader.import (node:internal/modules/esm/loader:606:24)
2025-11-04T00:02:57.2981085Z     at async asyncRunEntryPointWithESMLoader (node:internal/modules/run_main:117:5)
2025-11-04T00:02:57.2981611Z 
2025-11-04T00:02:57.2981736Z Node.js v20.19.5
2025-11-04T00:02:57.3428182Z ##[group]Run npx wait-on http://localhost:5000 --timeout 60000
2025-11-04T00:02:57.3428645Z [36;1mnpx wait-on http://localhost:5000 --timeout 60000[0m
2025-11-04T00:02:57.3460934Z shell: /usr/bin/bash -e {0}
2025-11-04T00:02:57.3461156Z ##[endgroup]
2025-11-04T00:02:59.7842988Z npm warn exec The following package was not found and will be installed: wait-on@9.0.1
2025-11-04T00:04:01.8291812Z Error: Timed out waiting for: http://localhost:5000
2025-11-04T00:04:01.8292656Z     at /home/runner/.npm/_npx/04d57496964ca6d1/node_modules/wait-on/lib/wait-on.js:131:31
2025-11-04T00:04:01.8293852Z     at doInnerSub (/home/runner/.npm/_npx/04d57496964ca6d1/node_modules/rxjs/dist/cjs/internal/operators/mergeInternals.js:22:31)
2025-11-04T00:04:01.8295493Z     at outerNext (/home/runner/.npm/_npx/04d57496964ca6d1/node_modules/rxjs/dist/cjs/internal/operators/mergeInternals.js:17:70)
2025-11-04T00:04:01.8296547Z     at OperatorSubscriber._this._next (/home/runner/.npm/_npx/04d57496964ca6d1/node_modules/rxjs/dist/cjs/internal/operators/OperatorSubscriber.js:33:21)
2025-11-04T00:04:01.8297445Z     at Subscriber.next (/home/runner/.npm/_npx/04d57496964ca6d1/node_modules/rxjs/dist/cjs/internal/Subscriber.js:51:18)
2025-11-04T00:04:01.8298244Z     at AsyncAction.work (/home/runner/.npm/_npx/04d57496964ca6d1/node_modules/rxjs/dist/cjs/internal/observable/timer.js:28:28)
2025-11-04T00:04:01.8299105Z     at AsyncAction._execute (/home/runner/.npm/_npx/04d57496964ca6d1/node_modules/rxjs/dist/cjs/internal/scheduler/AsyncAction.js:79:18)
2025-11-04T00:04:01.8299982Z     at AsyncAction.execute (/home/runner/.npm/_npx/04d57496964ca6d1/node_modules/rxjs/dist/cjs/internal/scheduler/AsyncAction.js:67:26)
2025-11-04T00:04:01.8300880Z     at AsyncScheduler.flush (/home/runner/.npm/_npx/04d57496964ca6d1/node_modules/rxjs/dist/cjs/internal/scheduler/AsyncScheduler.js:38:33)
2025-11-04T00:04:01.8301488Z     at listOnTimeout (node:internal/timers:581:17)
2025-11-04T00:04:01.8459709Z ##[error]Process completed with exit code 1.
2025-11-04T00:04:01.8544265Z ##[group]Run actions/upload-artifact@v4
2025-11-04T00:04:01.8544546Z with:
2025-11-04T00:04:01.8544939Z   name: quality-gate-results
2025-11-04T00:04:01.8545608Z   path: public/gate-status.json
ts-error-report.json
docs/ACCESSIBILITY_AUDIT_STATUS.md
docs/ACCESSIBILITY_AUDIT_REPORT.md
docs/audit-results/
playwright-report/
coverage/

2025-11-04T00:04:01.8546301Z   retention-days: 30
2025-11-04T00:04:01.8546493Z   if-no-files-found: warn
2025-11-04T00:04:01.8546694Z   compression-level: 6
2025-11-04T00:04:01.8546871Z   overwrite: false
2025-11-04T00:04:01.8547056Z   include-hidden-files: false
2025-11-04T00:04:01.8547260Z ##[endgroup]
2025-11-04T00:04:02.0755554Z Multiple search paths detected. Calculating the least common ancestor of all paths
2025-11-04T00:04:02.0760354Z The least common ancestor is /home/runner/work/AuditForecaster/AuditForecaster. This will be the root directory of the artifact
2025-11-04T00:04:02.0761137Z With the provided path, there will be 6 files uploaded
2025-11-04T00:04:02.0764887Z Artifact name is valid!
2025-11-04T00:04:02.0766229Z Root directory input is valid!
2025-11-04T00:04:02.2148403Z Beginning upload of artifact content to blob storage
2025-11-04T00:04:02.4014402Z Uploaded bytes 202523
2025-11-04T00:04:02.4316071Z Finished uploading artifact content to blob storage!
2025-11-04T00:04:02.4318893Z SHA256 digest of uploaded artifact zip is 14edbceafb470fe88c76519b927a16925f4ce4b2efc04a47fa0460940ea43f75
2025-11-04T00:04:02.4320147Z Finalizing artifact upload
2025-11-04T00:04:02.5258452Z Artifact quality-gate-results.zip successfully finalized. Artifact ID 4455862892
2025-11-04T00:04:02.5259769Z Artifact quality-gate-results has been successfully uploaded! Final size is 202523 bytes. Artifact ID is 4455862892
2025-11-04T00:04:02.5266619Z Artifact download URL: https://github.com/Dirty13itch/AuditForecaster/actions/runs/19053137788/artifacts/4455862892
2025-11-04T00:04:02.5377104Z ##[group]Run if [ -f .server.pid ]; then
2025-11-04T00:04:02.5377427Z [36;1mif [ -f .server.pid ]; then[0m
2025-11-04T00:04:02.5377684Z [36;1m  kill $(cat .server.pid) || true[0m
2025-11-04T00:04:02.5377930Z [36;1m  rm .server.pid[0m
2025-11-04T00:04:02.5378126Z [36;1mfi[0m
2025-11-04T00:04:02.5411327Z shell: /usr/bin/bash -e {0}
2025-11-04T00:04:02.5411553Z ##[endgroup]
2025-11-04T00:04:02.5479132Z /home/runner/work/_temp/da4bfc39-4a47-4311-86ca-7958b5bf9cdd.sh: line 2: kill: (3795) - No such process
2025-11-04T00:04:02.5546025Z Post job cleanup.
2025-11-04T00:04:02.6503166Z [command]/usr/bin/git version
2025-11-04T00:04:02.6539640Z git version 2.51.2
2025-11-04T00:04:02.6584278Z Temporarily overriding HOME='/home/runner/work/_temp/9983e53e-1d31-41d5-96b9-3a8d424731d8' before making global git config changes
2025-11-04T00:04:02.6585930Z Adding repository directory to the temporary git global config as a safe directory
2025-11-04T00:04:02.6598416Z [command]/usr/bin/git config --global --add safe.directory /home/runner/work/AuditForecaster/AuditForecaster
2025-11-04T00:04:02.6632690Z [command]/usr/bin/git config --local --name-only --get-regexp core\.sshCommand
2025-11-04T00:04:02.6665576Z [command]/usr/bin/git submodule foreach --recursive sh -c "git config --local --name-only --get-regexp 'core\.sshCommand' && git config --local --unset-all 'core.sshCommand' || :"
2025-11-04T00:04:02.6890876Z [command]/usr/bin/git config --local --name-only --get-regexp http\.https\:\/\/github\.com\/\.extraheader
2025-11-04T00:04:02.6911895Z http.https://github.com/.extraheader
2025-11-04T00:04:02.6924632Z [command]/usr/bin/git config --local --unset-all http.https://github.com/.extraheader
2025-11-04T00:04:02.6957983Z [command]/usr/bin/git submodule foreach --recursive sh -c "git config --local --name-only --get-regexp 'http\.https\:\/\/github\.com\/\.extraheader' && git config --local --unset-all 'http.https://github.com/.extraheader' || :"
2025-11-04T00:04:02.7284468Z Cleaning up orphan processes
